
> stadiaos@0.0.0 test
> vitest run --passWithNoTests


[1m[30m[46m RUN [49m[39m[22m [36mv4.1.10 [39m[90m/Users/riyansh/stadiaos[39m

 [32m✓[39m src/components/shared/__tests__/ErrorBoundary.test.tsx [2m([22m[2m4 tests[22m[2m)[22m[32m 91[2mms[22m[39m
[90mstderr[2m | src/components/ops/__tests__/AlertComposer.test.tsx[2m > [22m[2mAlertComposer[2m > [22m[2mshows error banner on failure
[22m[39mError: Publish failed!
    at [90m/Users/riyansh/stadiaos/[39msrc/components/ops/__tests__/AlertComposer.test.tsx:74:69
    at [90mfile:///Users/riyansh/stadiaos/[39mnode_modules/[4m@vitest/runner[24m/dist/chunk-artifact.js:302:11
    at [90mfile:///Users/riyansh/stadiaos/[39mnode_modules/[4m@vitest/runner[24m/dist/chunk-artifact.js:1903:26
    at [90mfile:///Users/riyansh/stadiaos/[39mnode_modules/[4m@vitest/runner[24m/dist/chunk-artifact.js:2326:20
    at new Promise (<anonymous>)
    at runWithCancel [90m(file:///Users/riyansh/stadiaos/[39mnode_modules/[4m@vitest/runner[24m/dist/chunk-artifact.js:2323:10[90m)[39m
    at [90mfile:///Users/riyansh/stadiaos/[39mnode_modules/[4m@vitest/runner[24m/dist/chunk-artifact.js:2305:20
    at new Promise (<anonymous>)
    at runWithTimeout [90m(file:///Users/riyansh/stadiaos/[39mnode_modules/[4m@vitest/runner[24m/dist/chunk-artifact.js:2272:10[90m)[39m
    at [90mfile:///Users/riyansh/stadiaos/[39mnode_modules/[4m@vitest/runner[24m/dist/chunk-artifact.js:2955:64

 [32m✓[39m src/components/ops/__tests__/AlertComposer.test.tsx [2m([22m[2m4 tests[22m[2m)[22m[33m 344[2mms[22m[39m
 [32m✓[39m src/components/shared/__tests__/BottomNav.test.tsx [2m([22m[2m4 tests[22m[2m)[22m[32m 259[2mms[22m[39m
 [31m❯[39m src/app/fan/__tests__/TicketSetup.test.tsx [2m([22m[2m6 tests[22m[2m | [22m[31m4 failed[39m[2m)[22m[33m 403[2mms[22m[39m
     [32m✓[39m renders stadium list initially[32m 126[2mms[22m[39m
     [32m✓[39m redirects ops_manager to /ops[32m 20[2mms[22m[39m
[31m     [31m×[31m handles dependency flow: stadium -> section -> row -> seat[39m[32m 47[2mms[22m[39m
[31m     [31m×[31m shows error on invalid combination (validation failure)[39m[32m 72[2mms[22m[39m
[31m     [31m×[31m saves ticket successfully and navigates to dashboard[39m[32m 74[2mms[22m[39m
[31m     [31m×[31m shows error on save failure[39m[32m 60[2mms[22m[39m
[90mstderr[2m | src/components/ops/__tests__/IncidentTriageDesk.test.tsx[2m > [22m[2mIncidentTriageDesk[2m > [22m[2mcalls addIncidentNote when submitting a note
[22m[39mAn update to IncidentTriageDesk inside a test was not wrapped in act(...).

When testing, code that causes React state updates should be wrapped into act(...):

act(() => {
  /* fire events that update state */
});
/* assert on the output */

This ensures that you're testing the behavior the user would see in the browser. Learn more at https://react.dev/link/wrap-tests-with-act

 [31m❯[39m src/components/ops/__tests__/IncidentTriageDesk.test.tsx [2m([22m[2m7 tests[22m[2m | [22m[31m3 failed[39m[2m)[22m[33m 580[2mms[22m[39m
     [32m✓[39m renders only active incidents[32m 139[2mms[22m[39m
     [32m✓[39m shows empty state when no active incidents exist[32m 8[2mms[22m[39m
     [32m✓[39m expands incident to show actions[32m 31[2mms[22m[39m
[31m     [31m×[31m calls assignIncidentTeam when assigning a team[39m[32m 216[2mms[22m[39m
[31m     [31m×[31m calls updateIncidentStatus when changing status to in_progress[39m[32m 67[2mms[22m[39m
[31m     [31m×[31m calls updateIncidentStatus when resolving incident[39m[32m 72[2mms[22m[39m
     [32m✓[39m calls addIncidentNote when submitting a note[32m 42[2mms[22m[39m
 [32m✓[39m src/components/layout/__tests__/MobileFrame.test.tsx [2m([22m[2m1 test[22m[2m)[22m[32m 30[2mms[22m[39m
[90mstdout[2m | src/services/__tests__/copilotIntentService.test.ts[2m > [22m[2mcopilotIntentService[2m > [22m[2mfalls back to local parser when Groq fails
[22m[39m[Copilot Pipeline] Input: nearest washroom
[Copilot Pipeline] Intent (Fallback): FACILITY_LOOKUP

[90mstderr[2m | src/services/__tests__/copilotIntentService.test.ts[2m > [22m[2mcopilotIntentService[2m > [22m[2mfalls back to local parser when Groq fails
[22m[39mGroq Intent Parsing Error: Error: API failed
    at [90m/Users/riyansh/stadiaos/[39msrc/services/__tests__/copilotIntentService.test.ts:22:63
    at [90mfile:///Users/riyansh/stadiaos/[39mnode_modules/[4m@vitest/runner[24m/dist/chunk-artifact.js:302:11
    at [90mfile:///Users/riyansh/stadiaos/[39mnode_modules/[4m@vitest/runner[24m/dist/chunk-artifact.js:1903:26
    at [90mfile:///Users/riyansh/stadiaos/[39mnode_modules/[4m@vitest/runner[24m/dist/chunk-artifact.js:2326:20
    at new Promise (<anonymous>)
    at runWithCancel [90m(file:///Users/riyansh/stadiaos/[39mnode_modules/[4m@vitest/runner[24m/dist/chunk-artifact.js:2323:10[90m)[39m
    at [90mfile:///Users/riyansh/stadiaos/[39mnode_modules/[4m@vitest/runner[24m/dist/chunk-artifact.js:2305:20
    at new Promise (<anonymous>)
    at runWithTimeout [90m(file:///Users/riyansh/stadiaos/[39mnode_modules/[4m@vitest/runner[24m/dist/chunk-artifact.js:2272:10[90m)[39m
    at [90mfile:///Users/riyansh/stadiaos/[39mnode_modules/[4m@vitest/runner[24m/dist/chunk-artifact.js:2955:64

[90mstderr[2m | src/services/__tests__/copilotIntentService.test.ts[2m > [22m[2mcopilotIntentService[2m > [22m[2mfalls back to local parser when Groq fails
[22m[39mGroq Intent Parsing Error: Error: API failed
    at [90m/Users/riyansh/stadiaos/[39msrc/services/__tests__/copilotIntentService.test.ts:22:63
    at [90mfile:///Users/riyansh/stadiaos/[39mnode_modules/[4m@vitest/runner[24m/dist/chunk-artifact.js:302:11
    at [90mfile:///Users/riyansh/stadiaos/[39mnode_modules/[4m@vitest/runner[24m/dist/chunk-artifact.js:1903:26
    at [90mfile:///Users/riyansh/stadiaos/[39mnode_modules/[4m@vitest/runner[24m/dist/chunk-artifact.js:2326:20
    at new Promise (<anonymous>)
    at runWithCancel [90m(file:///Users/riyansh/stadiaos/[39mnode_modules/[4m@vitest/runner[24m/dist/chunk-artifact.js:2323:10[90m)[39m
    at [90mfile:///Users/riyansh/stadiaos/[39mnode_modules/[4m@vitest/runner[24m/dist/chunk-artifact.js:2305:20
    at new Promise (<anonymous>)
    at runWithTimeout [90m(file:///Users/riyansh/stadiaos/[39mnode_modules/[4m@vitest/runner[24m/dist/chunk-artifact.js:2272:10[90m)[39m
    at [90mfile:///Users/riyansh/stadiaos/[39mnode_modules/[4m@vitest/runner[24m/dist/chunk-artifact.js:2955:64

[90mstdout[2m | src/services/__tests__/copilotIntentService.test.ts[2m > [22m[2mcopilotIntentService[2m > [22m[2mfalls back to local parser when Groq fails
[22m[39m[Copilot Pipeline] Input: any alerts right now?
[Copilot Pipeline] Intent (Fallback): ALERTS_STATUS

[90mstderr[2m | src/services/__tests__/copilotIntentService.test.ts[2m > [22m[2mcopilotIntentService[2m > [22m[2mfalls back to local parser when Groq fails
[22m[39mGroq Intent Parsing Error: Error: API failed
    at [90m/Users/riyansh/stadiaos/[39msrc/services/__tests__/copilotIntentService.test.ts:22:63
    at [90mfile:///Users/riyansh/stadiaos/[39mnode_modules/[4m@vitest/runner[24m/dist/chunk-artifact.js:302:11
    at [90mfile:///Users/riyansh/stadiaos/[39mnode_modules/[4m@vitest/runner[24m/dist/chunk-artifact.js:1903:26
    at [90mfile:///Users/riyansh/stadiaos/[39mnode_modules/[4m@vitest/runner[24m/dist/chunk-artifact.js:2326:20
    at new Promise (<anonymous>)
    at runWithCancel [90m(file:///Users/riyansh/stadiaos/[39mnode_modules/[4m@vitest/runner[24m/dist/chunk-artifact.js:2323:10[90m)[39m
    at [90mfile:///Users/riyansh/stadiaos/[39mnode_modules/[4m@vitest/runner[24m/dist/chunk-artifact.js:2305:20
    at new Promise (<anonymous>)
    at runWithTimeout [90m(file:///Users/riyansh/stadiaos/[39mnode_modules/[4m@vitest/runner[24m/dist/chunk-artifact.js:2272:10[90m)[39m
    at [90mfile:///Users/riyansh/stadiaos/[39mnode_modules/[4m@vitest/runner[24m/dist/chunk-artifact.js:2955:64

[90mstdout[2m | src/services/__tests__/copilotIntentService.test.ts[2m > [22m[2mcopilotIntentService[2m > [22m[2mfalls back to local parser when Groq fails
[22m[39m[Copilot Pipeline] Input: where am i sitting?
[Copilot Pipeline] Intent (Fallback): TICKET_CONTEXT

[90mstdout[2m | src/services/__tests__/copilotIntentService.test.ts[2m > [22m[2mcopilotIntentService[2m > [22m[2mfalls back to local parser when Groq fails
[22m[39m[Copilot Pipeline] Input: take me to gate a
[Copilot Pipeline] Intent (Fallback): ROUTE_HANDOFF

[90mstderr[2m | src/services/__tests__/copilotIntentService.test.ts[2m > [22m[2mcopilotIntentService[2m > [22m[2mfalls back to local parser when Groq fails
[22m[39mGroq Intent Parsing Error: Error: API failed
    at [90m/Users/riyansh/stadiaos/[39msrc/services/__tests__/copilotIntentService.test.ts:22:63
    at [90mfile:///Users/riyansh/stadiaos/[39mnode_modules/[4m@vitest/runner[24m/dist/chunk-artifact.js:302:11
    at [90mfile:///Users/riyansh/stadiaos/[39mnode_modules/[4m@vitest/runner[24m/dist/chunk-artifact.js:1903:26
    at [90mfile:///Users/riyansh/stadiaos/[39mnode_modules/[4m@vitest/runner[24m/dist/chunk-artifact.js:2326:20
    at new Promise (<anonymous>)
    at runWithCancel [90m(file:///Users/riyansh/stadiaos/[39mnode_modules/[4m@vitest/runner[24m/dist/chunk-artifact.js:2323:10[90m)[39m
    at [90mfile:///Users/riyansh/stadiaos/[39mnode_modules/[4m@vitest/runner[24m/dist/chunk-artifact.js:2305:20
    at new Promise (<anonymous>)
    at runWithTimeout [90m(file:///Users/riyansh/stadiaos/[39mnode_modules/[4m@vitest/runner[24m/dist/chunk-artifact.js:2272:10[90m)[39m
    at [90mfile:///Users/riyansh/stadiaos/[39mnode_modules/[4m@vitest/runner[24m/dist/chunk-artifact.js:2955:64

[90mstdout[2m | src/services/__tests__/copilotIntentService.test.ts[2m > [22m[2mcopilotIntentService[2m > [22m[2mfalls back to local parser when Groq fails
[22m[39m[Copilot Pipeline] Input: someone fainted near section 214
[Copilot Pipeline] Intent (Fallback): INCIDENT_DRAFT

[90mstderr[2m | src/services/__tests__/copilotIntentService.test.ts[2m > [22m[2mcopilotIntentService[2m > [22m[2mfalls back to local parser when Groq fails
[22m[39mGroq Intent Parsing Error: Error: API failed
    at [90m/Users/riyansh/stadiaos/[39msrc/services/__tests__/copilotIntentService.test.ts:22:63
    at [90mfile:///Users/riyansh/stadiaos/[39mnode_modules/[4m@vitest/runner[24m/dist/chunk-artifact.js:302:11
    at [90mfile:///Users/riyansh/stadiaos/[39mnode_modules/[4m@vitest/runner[24m/dist/chunk-artifact.js:1903:26
    at [90mfile:///Users/riyansh/stadiaos/[39mnode_modules/[4m@vitest/runner[24m/dist/chunk-artifact.js:2326:20
    at new Promise (<anonymous>)
    at runWithCancel [90m(file:///Users/riyansh/stadiaos/[39mnode_modules/[4m@vitest/runner[24m/dist/chunk-artifact.js:2323:10[90m)[39m
    at [90mfile:///Users/riyansh/stadiaos/[39mnode_modules/[4m@vitest/runner[24m/dist/chunk-artifact.js:2305:20
    at new Promise (<anonymous>)
    at runWithTimeout [90m(file:///Users/riyansh/stadiaos/[39mnode_modules/[4m@vitest/runner[24m/dist/chunk-artifact.js:2272:10[90m)[39m
    at [90mfile:///Users/riyansh/stadiaos/[39mnode_modules/[4m@vitest/runner[24m/dist/chunk-artifact.js:2955:64

[90mstdout[2m | src/services/__tests__/copilotIntentService.test.ts[2m > [22m[2mcopilotIntentService[2m > [22m[2mfalls back to local parser when Groq returns UNKNOWN
[22m[39m[Copilot Pipeline] Input: nearest washroom
[Copilot Pipeline] Intent: FACILITY_LOOKUP

[90mstdout[2m | src/services/__tests__/copilotIntentService.test.ts[2m > [22m[2mcopilotIntentService[2m > [22m[2mreturns UNKNOWN if both Groq and fallback fail to classify
[22m[39m[Copilot Pipeline] Input: what is the capital of france?
[Copilot Pipeline] Intent: UNKNOWN

 [32m✓[39m src/services/__tests__/copilotIntentService.test.ts [2m([22m[2m3 tests[22m[2m)[22m[32m 15[2mms[22m[39m
[90mstderr[2m | src/services/__tests__/bootstrapService.test.ts[2m > [22m[2mbootstrapService[2m > [22m[2mthrows an error when profile fetch throws an error
[22m[39mApp bootstrap failed: Error: DB connection failed
    at [90m/Users/riyansh/stadiaos/[39msrc/services/__tests__/bootstrapService.test.ts:45:44
    at [90mfile:///Users/riyansh/stadiaos/[39mnode_modules/[4m@vitest/runner[24m/dist/chunk-artifact.js:302:11
    at [90mfile:///Users/riyansh/stadiaos/[39mnode_modules/[4m@vitest/runner[24m/dist/chunk-artifact.js:1903:26
    at [90mfile:///Users/riyansh/stadiaos/[39mnode_modules/[4m@vitest/runner[24m/dist/chunk-artifact.js:2326:20
    at new Promise (<anonymous>)
    at runWithCancel [90m(file:///Users/riyansh/stadiaos/[39mnode_modules/[4m@vitest/runner[24m/dist/chunk-artifact.js:2323:10[90m)[39m
    at [90mfile:///Users/riyansh/stadiaos/[39mnode_modules/[4m@vitest/runner[24m/dist/chunk-artifact.js:2305:20
    at new Promise (<anonymous>)
    at runWithTimeout [90m(file:///Users/riyansh/stadiaos/[39mnode_modules/[4m@vitest/runner[24m/dist/chunk-artifact.js:2272:10[90m)[39m
    at [90mfile:///Users/riyansh/stadiaos/[39mnode_modules/[4m@vitest/runner[24m/dist/chunk-artifact.js:2955:64

[90mstderr[2m | src/services/__tests__/bootstrapService.test.ts[2m > [22m[2mbootstrapService[2m > [22m[2mthrows an error when profile is not found
[22m[39mApp bootstrap failed: Error: Profile not found. Re-authentication required.
    at Object.loadAppBootstrapData [90m(/Users/riyansh/stadiaos/[39msrc/services/bootstrapService.ts:18:31[90m)[39m
[90m    at processTicksAndRejections (node:internal/process/task_queues:105:5)[39m

[90mstderr[2m | src/services/__tests__/bootstrapService.test.ts[2m > [22m[2mbootstrapService[2m > [22m[2mthrows an error for an unsupported role
[22m[39mApp bootstrap failed: Error: Unsupported role: admin
    at Object.loadAppBootstrapData [90m(/Users/riyansh/stadiaos/[39msrc/services/bootstrapService.ts:63:16[90m)[39m
[90m    at processTicksAndRejections (node:internal/process/task_queues:105:5)[39m

 [32m✓[39m src/services/__tests__/bootstrapService.test.ts [2m([22m[2m7 tests[22m[2m)[22m[32m 10[2mms[22m[39m
[90mstderr[2m | src/services/__tests__/opsService.test.ts[2m > [22m[2mopsService[2m > [22m[2mthrows error when public advisory publishing fails
[22m[39mFailed to publish advisory: Error: Insert failed
    at [90m/Users/riyansh/stadiaos/[39msrc/services/__tests__/opsService.test.ts:127:50
    at [90mfile:///Users/riyansh/stadiaos/[39mnode_modules/[4m@vitest/runner[24m/dist/chunk-artifact.js:302:11
    at [90mfile:///Users/riyansh/stadiaos/[39mnode_modules/[4m@vitest/runner[24m/dist/chunk-artifact.js:1903:26
    at [90mfile:///Users/riyansh/stadiaos/[39mnode_modules/[4m@vitest/runner[24m/dist/chunk-artifact.js:2326:20
    at new Promise (<anonymous>)
    at runWithCancel [90m(file:///Users/riyansh/stadiaos/[39mnode_modules/[4m@vitest/runner[24m/dist/chunk-artifact.js:2323:10[90m)[39m
    at [90mfile:///Users/riyansh/stadiaos/[39mnode_modules/[4m@vitest/runner[24m/dist/chunk-artifact.js:2305:20
    at new Promise (<anonymous>)
    at runWithTimeout [90m(file:///Users/riyansh/stadiaos/[39mnode_modules/[4m@vitest/runner[24m/dist/chunk-artifact.js:2272:10[90m)[39m
    at [90mfile:///Users/riyansh/stadiaos/[39mnode_modules/[4m@vitest/runner[24m/dist/chunk-artifact.js:2955:64

 [32m✓[39m src/services/__tests__/opsService.test.ts [2m([22m[2m7 tests[22m[2m)[22m[32m 18[2mms[22m[39m
 [32m✓[39m src/services/__tests__/queueService.test.ts [2m([22m[2m2 tests[22m[2m)[22m[32m 2[2mms[22m[39m
 [31m❯[39m src/features/incidents/__tests__/ReportIncident.test.tsx [2m([22m[2m5 tests[22m[2m | [22m[31m1 failed[39m[2m)[22m[33m 1522[2mms[22m[39m
     [32m✓[39m renders all form elements[32m 242[2mms[22m[39m
     [32m✓[39m validates empty description[32m 78[2mms[22m[39m
[31m     [31m×[31m validates empty zone/location[39m[33m 1051[2mms[22m[39m
     [32m✓[39m submits successfully and shows success state[32m 72[2mms[22m[39m
     [32m✓[39m shows error banner on submission failure[32m 76[2mms[22m[39m
 [32m✓[39m src/services/__tests__/incidentService.test.ts [2m([22m[2m11 tests[22m[2m)[22m[32m 13[2mms[22m[39m
 [32m✓[39m src/services/__tests__/copilotResolver.test.ts [2m([22m[2m4 tests[22m[2m)[22m[33m 2071[2mms[22m[39m
     [33m[2m✓[22m[39m resolves ROUTE_HANDOFF to a route_card with calculated ETA [33m 2067[2mms[22m[39m
 [32m✓[39m src/services/__tests__/dashboardService.test.ts [2m([22m[2m2 tests[22m[2m)[22m[32m 4[2mms[22m[39m
 [32m✓[39m src/services/__tests__/authService.test.ts [2m([22m[2m9 tests[22m[2m)[22m[32m 9[2mms[22m[39m
 [32m✓[39m src/lib/__tests__/authGuards.test.ts [2m([22m[2m10 tests[22m[2m)[22m[32m 6[2mms[22m[39m
 [32m✓[39m src/services/__tests__/alertService.test.ts [2m([22m[2m1 test[22m[2m)[22m[32m 3[2mms[22m[39m
 [32m✓[39m src/store/__tests__/useAppStore.test.ts [2m([22m[2m2 tests[22m[2m)[22m[32m 2[2mms[22m[39m
 [32m✓[39m src/lib/__tests__/ticketValidation.test.ts [2m([22m[2m8 tests[22m[2m)[22m[32m 3[2mms[22m[39m
 [32m✓[39m src/services/__tests__/facilityService.test.ts [2m([22m[2m1 test[22m[2m)[22m[32m 2[2mms[22m[39m
 [32m✓[39m src/services/__tests__/routingService.test.ts [2m([22m[2m9 tests[22m[2m)[22m[32m 4[2mms[22m[39m
 [32m✓[39m src/services/__tests__/mapService.test.ts [2m([22m[2m2 tests[22m[2m)[22m[32m 3[2mms[22m[39m

[31m⎯⎯⎯⎯⎯⎯⎯[39m[1m[41m Failed Tests 8 [49m[22m[31m⎯⎯⎯⎯⎯⎯⎯[39m

[41m[1m FAIL [22m[49m src/components/ops/__tests__/IncidentTriageDesk.test.tsx[2m > [22mIncidentTriageDesk[2m > [22mcalls assignIncidentTeam when assigning a team
[31m[1mTestingLibraryElementError[22m[39m: Found multiple elements with the role "button" and name `/Security/i`

Here are the matching elements:

Ignored nodes: comments, script, style
[36m<div[39m
  [33maria-expanded[39m=[32m"true"[39m
  [33mclass[39m=[32m"text-card-foreground shadow glass-card border bg-white/[0.03] rounded-3xl transition-colors overflow-hidden group cursor-pointer text-left w-full border-white/20 hover:bg-white/[0.05]"[39m
  [33mrole[39m=[32m"button"[39m
  [33mtabindex[39m=[32m"0"[39m
[36m>[39m
  [36m<div[39m
    [33mclass[39m=[32m"p-6"[39m
  [36m>[39m
    [36m<div[39m
      [33mclass[39m=[32m"flex flex-wrap items-center justify-between gap-3 mb-4"[39m
    [36m>[39m
      [36m<div[39m
        [33mclass[39m=[32m"flex items-center gap-2"[39m
      [36m>[39m
        [36m<span[39m
          [33mclass[39m=[32m"px-2.5 py-1 rounded-md text-[10px] font-bold uppercase tracking-widest border bg-white/10 text-white border-white/20"[39m
        [36m>[39m
          [0mcritical[0m
        [36m</span>[39m
        [36m<span[39m
          [33mclass[39m=[32m"px-2.5 py-1 rounded-md text-[10px] font-bold uppercase tracking-widest border bg-white/5 text-white/60 border-transparent"[39m
        [36m>[39m
          [0mreported[0m
        [36m</span>[39m
      [36m</div>[39m
      [36m<span[39m
        [33mclass[39m=[32m"text-[11px] font-bold text-white/60 uppercase tracking-widest"[39m
      [36m>[39m
        [0m03:30 PM[0m
      [36m</span>[39m
    [36m</div>[39m
    [36m<div[39m
      [33mclass[39m=[32m"mb-2"[39m
    [36m>[39m
      [36m<p[39m
        [33mclass[39m=[32m"text-[10px] text-white/60 uppercase tracking-widest font-bold mb-1.5"[39m
      [36m>[39m
        [0mmedical[0m
      [36m</p>[39m
      [36m<h3[39m
        [33mclass[39m=[32m"font-bold text-[17px] tracking-tight text-white/90 leading-snug"[39m
      [36m>[39m
        [0mMedical Emergency[0m
      [36m</h3>[39m
    [36m</div>[39m
    [36m<div[39m
      [33mclass[39m=[32m"flex items-center gap-1.5 text-[13px] font-medium text-white/60 mt-3"[39m
    [36m>[39m
      [36m<svg[39m
        [33maria-hidden[39m=[32m"true"[39m
        [33mclass[39m=[32m"lucide lucide-map-pin w-3.5 h-3.5"[39m
        [33mfill[39m=[32m"none"[39m
        [33mheight[39m=[32m"24"[39m
        [33mstroke[39m=[32m"currentColor"[39m
        [33mstroke-linecap[39m=[32m"round"[39m
        [33mstroke-linejoin[39m=[32m"round"[39m
        [33mstroke-width[39m=[32m"2"[39m
        [33mviewBox[39m=[32m"0 0 24 24"[39m
        [33mwidth[39m=[32m"24"[39m
        [33mxmlns[39m=[32m"http://www.w3.org/2000/svg"[39m
      [36m>[39m
        [36m<path[39m
          [33md[39m=[32m"M20 10c0 4.993-5.539 10.193-7.399 11.799a1 1 0 0 1-1.202 0C9.539 20.193 4 14.993 4 10a8 8 0 0 1 16 0"[39m
        [36m/>[39m
        [36m<circle[39m
          [33mcx[39m=[32m"12"[39m
          [33mcy[39m=[32m"10"[39m
          [33mr[39m=[32m"3"[39m
        [36m/>[39m
      [36m</svg>[39m
      [36m<span>[39m
        [0mSection 101[0m
      [36m</span>[39m
    [36m</div>[39m
    [36m<div[39m
      [33mclass[39m=[32m"mt-6 pt-6 border-t border-white/10 space-y-8"[39m
      [33mstyle[39m=[32m"opacity: 0; height: 0px;"[39m
    [36m>[39m
      [36m<div>[39m
        [36m<div[39m
          [33mclass[39m=[32m"flex items-center gap-1.5 mb-3"[39m
        [36m>[39m
          [36m<svg[39m
            [33maria-hidden[39m=[32m"true"[39m
            [33mclass[39m=[32m"lucide lucide-sparkles w-3.5 h-3.5 text-white/60"[39m
            [33mfill[39m=[32m"none"[39m
            [33mheight[39m=[32m"24"[39m
            [33mstroke[39m=[32m"currentColor"[39m
            [33mstroke-linecap[39m=[32m"round"[39m
            [33mstroke-linejoin[39m=[32m"round"[39m
            [33mstroke-width[39m=[32m"2"[39m
            [33mviewBox[39m=[32m"0 0 24 24"[39m
            [33mwidth[39m=[32m"24"[39m
            [33mxmlns[39m=[32m"http://www.w3.org/2000/svg"[39m
          [36m>[39m
            [36m<path[39m
              [33md[39m=[32m"M11.017 2.814a1 1 0 0 1 1.966 0l1.051 5.558a2 2 0 0 0 1.594 1.594l5.558 1.051a1 1 0 0 1 0 1.966l-5.558 1.051a2 2 0 0 0-1.594 1.594l-1.051 5.558a1 1 0 0 1-1.966 0l-1.051-5.558a2 2 0 0 0-1.594-1.594l-5.558-1.051a1 1 0 0 1 0-1.966l5.558-1.051a2 2 0 0 0 1.594-1.594z"[39m
            [36m/>[39m
            [36m<path[39m
              [33md[39m=[32m"M20 2v4"[39m
            [36m/>[39m
            [36m<path[39m
              [33md[39m=[32m"M22 4h-4"[39m
            [36m/>[39m
            [36m<circle[39m
              [33mcx[39m=[32m"4"[39m
              [33mcy[39m=[32m"20"[39m
              [33mr[39m=[32m"2"[39m
            [36m/>[39m
          [36m</svg>[39m
          [36m<h4[39m
            [33mclass[39m=[32m"text-[10px] uppercase font-bold tracking-widest text-white/60"[39m
          [36m>[39m
            [0mAI Analysis[0m
          [36m</h4>[39m
        [36m</div>[39m
        [36m<div[39m
          [33mclass[39m=[32m"bg-white/[0.03] rounded-2xl p-4 border border-white/5"[39m
        [36m>[39m
          [36m<p[39m
            [33mclass[39m=[32m"text-[13px] text-white/70 leading-relaxed font-medium"[39m
          [36m>[39m
            [0mAI says critical[0m
          [36m</p>[39m
        [36m</div>[39m
      [36m</div>[39m
      [36m<div[39m
        [33mclass[39m=[32m"grid grid-cols-1 md:grid-cols-2 gap-6"[39m
      [36m>[39m
        [36m<div>[39m
          [36m<h4[39m
            [33mclass[39m=[32m"text-[10px] uppercase font-bold tracking-widest text-white/60 mb-3"[39m
          [36m>[39m
            [0mAssign Team[0m
          [36m</h4>[39m
          [36m<div[39m
            [33mclass[39m=[32m"flex flex-wrap gap-2"[39m
          [36m>[39m
            [36m<button[39m
              [33mclass[39m=[32m"flex-1 h-10 rounded-xl border flex items-center justify-center gap-2 transition-colors text-[11px] font-bold uppercase tracking-widest bg-white/5 border-white/10 hover:bg-white/10 text-white/70"[39m
            [36m>[39m
              [36m<svg[39m
                [33maria-hidden[39m=[32m"true"[39m
                [33mclass[39m=[32m"lucide lucide-shield w-3.5 h-3.5"[39m
                [33mfill[39m=[32m"none"[39m
                [33mheight[39m=[32m"24"[39m
                [33mstroke[39m=[32m"currentColor"[39m
                [33mstroke-linecap[39m=[32m"round"[39m
                [33mstroke-linejoin[39m=[32m"round"[39m
                [33mstroke-width[39m=[32m"2"[39m
                [33mviewBox[39m=[32m"0 0 24 24"[39m
                [33mwidth[39m=[32m"24"[39m
                [33mxmlns[39m=[32m"http://www.w3.org/2000/svg"[39m
              [36m>[39m
                [36m<path[39m
                  [33md[39m=[32m"M20 13c0 5-3.5 7.5-7.66 8.95a1 1 0 0 1-.67-.01C7.5 20.5 4 18 4 13V6a1 1 0 0 1 1-1c2 0 4.5-1.2 6.24-2.72a1.17 1.17 0 0 1 1.52 0C14.51 3.81 17 5 19 5a1 1 0 0 1 1 1z"[39m
                [36m/>[39m
              [36m</svg>[39m
              [0m Security[0m
            [36m</button>[39m
            [36m<button[39m
              [33mclass[39m=[32m"flex-1 h-10 rounded-xl border flex items-center justify-center gap-2 transition-colors text-[11px] font-bold uppercase tracking-widest bg-white/5 border-white/10 hover:bg-white/10 text-white/70"[39m
            [36m>[39m
              [36m<svg[39m
                [33maria-hidden[39m=[32m"true"[39m
                [33mclass[39m=[32m"lucide lucide-shield-alert w-3.5 h-3.5"[39m
                [33mfill[39m=[32m"none"[39m
                [33mheight[39m=[32m"24"[39m
                [33mstroke[39m=[32m"currentColor"[39m
                [33mstroke-linecap[39m=[32m"round"[39m
                [33mstroke-linejoin[39m=[32m"round"[39m
                [33mstroke-width[39m=[32m"2"[39m
                [33mviewBox[39m=[32m"0 0 24 24"[39m
                [33mwidth[39m=[32m"24"[39m
                [33mxmlns[39m=[32m"http://www.w3.org/2000/svg"[39m
              [36m>[39m
                [36m<path[39m
                  [33md[39m=[32m"M20 13c0 5-3.5 7.5-7.66 8.95a1 1 0 0 1-.67-.01C7.5 20.5 4 18 4 13V6a1 1 0 0 1 1-1c2 0 4.5-1.2 6.24-2.72a1.17 1.17 0 0 1 1.52 0C14.51 3.81 17 5 19 5a1 1 0 0 1 1 1z"[39m
                [36m/>[39m
                [36m<path[39m
                  [33md[39m=[32m"M12 8v4"[39m
                [36m/>[39m
                [36m<path[39m
                  [33md[39m=[32m"M12 16h.01"[39m
                [36m/>[39m
              [36m</svg>[39m
              [0m Medical[0m
            [36m</button>[39m
          [36m</div>[39m
        [36m</div>[39m
        [36m<div>[39m
          [36m<h4[39m
            [33mclass[39m=[32m"text-[10px] uppercase font-bold tracking-widest text-white/60 mb-3"[39m
          [36m>[39m
            [0mUpdate Status[0m
          [36m</h4>[39m
          [36m<div[39m
            [33mclass[39m=[32m"flex flex-wrap gap-2"[39m
          [36m>[39m
            [36m<button[39m
              [33mclass[39m=[32m"flex-1 h-10 rounded-xl bg-white/5 border border-white/10 text-white/70 hover:bg-white/10 hover:text-white/90 disabled:opacity-40 disabled:hover:bg-white/5 transition-colors text-[11px] font-bold uppercase tracking-widest"[39m
            [36m>[39m
              [0mIn Progress[0m
            [36m</button>[39m
            [36m<button[39m
              [33mclass[39m=[32m"flex-1 h-10 rounded-xl bg-white/10 border border-white/20 text-white hover:bg-white/20 transition-colors text-[11px] font-bold uppercase tracking-widest"[39m
            [36m>[39m
              [0mResolve[0m
            [36m</button>[39m
          [36m</div>[39m
        [36m</div>[39m
      [36m</div>[39m
      [36m<div>[39m
        [36m<h4[39m
          [33mclass[39m=[32m"text-[10px] uppercase font-bold tracking-widest text-white/60 mb-3"[39m
        [36m>[39m
          [0mOps Log Note[0m
        [36m</h4>[39m
        [36m<div[39m
          [33mclass[39m=[32m"flex gap-2"[39m
        [36m>[39m
          [36m<label[39m
            [33mclass[39m=[32m"sr-only"[39m
            [33mfor[39m=[32m"note-inc-1"[39m
          [36m>[39m
            [0mIncident Note[0m
          [36m</label>[39m
          [36m<input[39m
            [33mclass[39m=[32m"bg-black/50 border border-white/10 rounded-xl px-4 py-3 text-[13px] w-full focus:outline-none focus:border-white/30 text-white placeholder-white/40 font-medium"[39m
            [33mid[39m=[32m"note-inc-1"[39m
            [33mplaceholder[39m=[32m"Record an update or action taken..."[39m
            [33mtype[39m=[32m"text"[39m
            [33mvalue[39m=[32m""[39m
          [36m/>[39m
          [36m<button[39m
            [33maria-label[39m=[32m"Send note"[39m
            [33mclass[39m=[32m"w-12 shrink-0 bg-white/10 rounded-xl flex items-center justify-center hover:bg-white/20 transition-colors border border-white/10 disabled:opacity-50"[39m
            [33mdisabled[39m=[32m""[39m
          [36m>[39m
            [36m<svg[39m
              [33maria-hidden[39m=[32m"true"[39m
              [33mclass[39m=[32m"lucide lucide-send w-4 h-4 text-white/80"[39m
              [33mfill[39m=[32m"none"[39m
              [33mheight[39m=[32m"24"[39m
              [33mstroke[39m=[32m"currentColor"[39m
              [33mstroke-linecap[39m=[32m"round"[39m
              [33mstroke-linejoin[39m=[32m"round"[39m
              [33mstroke-width[39m=[32m"2"[39m
              [33mviewBox[39m=[32m"0 0 24 24"[39m
              [33mwidth[39m=[32m"24"[39m
              [33mxmlns[39m=[32m"http://www.w3.org/2000/svg"[39m
            [36m>[39m
              [36m<path[39m
                [33md[39m=[32m"M14.536 21.686a.5.5 0 0 0 .937-.024l6.5-19a.496.496 0 0 0-.635-.635l-19 6.5a.5.5 0 0 0-.024.937l7.93 3.18a2 2 0 0 1 1.112 1.11z"[39m
              [36m/>[39m
              [36m<path[39m
                [33md[39m=[32m"m21.854 2.147-10.94 10.939"[39m
              [36m/>[39m
            [36m</svg>[39m
          [36m</button>[39m
        [36m</div>[39m
      [36m</div>[39m
    [36m</div>[39m
  [36m</div>[39m
[36m</div>[39m

Ignored nodes: comments, script, style
[36m<button[39m
  [33mclass[39m=[32m"flex-1 h-10 rounded-xl border flex items-center justify-center gap-2 transition-colors text-[11px] font-bold uppercase tracking-widest bg-white/5 border-white/10 hover:bg-white/10 text-white/70"[39m
[36m>[39m
  [36m<svg[39m
    [33maria-hidden[39m=[32m"true"[39m
    [33mclass[39m=[32m"lucide lucide-shield w-3.5 h-3.5"[39m
    [33mfill[39m=[32m"none"[39m
    [33mheight[39m=[32m"24"[39m
    [33mstroke[39m=[32m"currentColor"[39m
    [33mstroke-linecap[39m=[32m"round"[39m
    [33mstroke-linejoin[39m=[32m"round"[39m
    [33mstroke-width[39m=[32m"2"[39m
    [33mviewBox[39m=[32m"0 0 24 24"[39m
    [33mwidth[39m=[32m"24"[39m
    [33mxmlns[39m=[32m"http://www.w3.org/2000/svg"[39m
  [36m>[39m
    [36m<path[39m
      [33md[39m=[32m"M20 13c0 5-3.5 7.5-7.66 8.95a1 1 0 0 1-.67-.01C7.5 20.5 4 18 4 13V6a1 1 0 0 1 1-1c2 0 4.5-1.2 6.24-2.72a1.17 1.17 0 0 1 1.52 0C14.51 3.81 17 5 19 5a1 1 0 0 1 1 1z"[39m
    [36m/>[39m
  [36m</svg>[39m
  [0m Security[0m
[36m</button>[39m

(If this is intentional, then use the `*AllBy*` variant of the query (like `queryAllByText`, `getAllByText`, or `findAllByText`)).

Ignored nodes: comments, script, style
[36m<body>[39m
  [36m<div>[39m
    [36m<section[39m
      [33maria-label[39m=[32m"Incident Triage Feed"[39m
    [36m>[39m
      [36m<h2[39m
        [33mclass[39m=[32m"text-[11px] font-bold text-white/60 uppercase tracking-widest mb-4 px-2"[39m
      [36m>[39m
        [0mIncident Triage Feed[0m
      [36m</h2>[39m
      [36m<div[39m
        [33mclass[39m=[32m"space-y-4 max-h-[800px] overflow-y-auto pr-2 custom-scrollbar"[39m
      [36m>[39m
        [36m<div[39m
          [33mstyle[39m=[32m"opacity: 0; transform: translateY(15px);"[39m
        [36m>[39m
          [36m<div[39m
            [33maria-expanded[39m=[32m"true"[39m
            [33mclass[39m=[32m"text-card-foreground shadow glass-card border bg-white/[0.03] rounded-3xl transition-colors overflow-hidden group cursor-pointer text-left w-full border-white/20 hover:bg-white/[0.05]"[39m
            [33mrole[39m=[32m"button"[39m
            [33mtabindex[39m=[32m"0"[39m
          [36m>[39m
            [36m<div[39m
              [33mclass[39m=[32m"p-6"[39m
            [36m>[39m
              [36m<div[39m
                [33mclass[39m=[32m"flex flex-wrap items-center justify-between gap-3 mb-4"[39m
              [36m>[39m
                [36m<div[39m
                  [33mclass[39m=[32m"flex items-center gap-2"[39m
                [36m>[39m
                  [36m<span[39m
                    [33mclass[39m=[32m"px-2.5 py-1 rounded-md text-[10px] font-bold uppercase tracking-widest border bg-white/10 text-white border-white/20"[39m
                  [36m>[39m
                    [0mcritical[0m
                  [36m</span>[39m
                  [36m<span[39m
                    [33mclass[39m=[32m"px-2.5 py-1 rounded-md text-[10px] font-bold uppercase tracking-widest border bg-white/5 text-white/60 border-transparent"[39m
                  [36m>[39m
                    [0mreported[0m
                  [36m</span>[39m
                [36m</div>[39m
                [36m<span[39m
                  [33mclass[39m=[32m"text-[11px] font-bold text-white/60 uppercase tracking-widest"[39m
                [36m>[39m
                  [0m03:30 PM[0m
                [36m</span>[39m
              [36m</div>[39m
              [36m<div[39m
                [33mclass[39m=[32m"mb-2"[39m
              [36m>[39m
                [36m<p[39m
                  [33mclass[39m=[32m"text-[10px] text-white/60 uppercase tracking-widest font-bold mb-1.5"[39m
                [36m>[39m
                  [0mmedical[0m
                [36m</p>[39m
                [36m<h3[39m
                  [33mclass[39m=[32m"font-bold text-[17px] tracking-tight text-white/90 leading-snug"[39m
                [36m>[39m
                  [0mMedical Emergency[0m
                [36m</h3>[39m
              [36m</div>[39m
              [36m<div[39m
                [33mclass[39m=[32m"flex items-center gap-1.5 text-[13px] font-medium text-white/60 mt-3"[39m
              [36m>[39m
                [36m<svg[39m
                  [33maria-hidden[39m=[32m"true"[39m
                  [33mclass[39m=[32m"lucide lucide-map-pin w-3.5 h-3.5"[39m
                  [33mfill[39m=[32m"none"[39m
                  [33mheight[39m=[32m"24"[39m
                  [33mstroke[39m=[32m"currentColor"[39m
                  [33mstroke-linecap[39m=[32m"round"[39m
                  [33mstroke-linejoin[39m=[32m"round"[39m
                  [33mstroke-width[39m=[32m"2"[39m
                  [33mviewBox[39m=[32m"0 0 24 24"[39m
                  [33mwidth[39m=[32m"24"[39m
                  [33mxmlns[39m=[32m"http://www.w3.org/2000/svg"[39m
                [36m>[39m
                  [36m<path[39m
                    [33md[39m=[32m"M20 10c0 4.993-5.539 10.193-7.399 11.799a1 1 0 0 1-1.202 0C9.539 20.193 4 14.993 4 10a8 8 0 0 1 16 0"[39m
                  [36m/>[39m
                  [36m<circle[39m
                    [33mcx[39m=[32m"12"[39m
                    [33mcy[39m=[32m"10"[39m
                    [33mr[39m=[32m"3"[39m
                  [36m/>[39m
                [36m</svg>[39m
                [36m<span>[39m
                  [0mSection 101[0m
                [36m</span>[39m
              [36m</div>[39m
              [36m<div[39m
                [33mclass[39m=[32m"mt-6 pt-6 border-t border-white/10 space-y-8"[39m
                [33mstyle[39m=[32m"opacity: 0; height: 0px;"[39m
              [36m>[39m
                [36m<div>[39m
                  [36m<div[39m
                    [33mclass[39m=[32m"flex items-center gap-1.5 mb-3"[39m
                  [36m>[39m
                    [36m<svg[39m
                      [33maria-hidden[39m=[32m"true"[39m
                      [33mclass[39m=[32m"lucide lucide-sparkles w-3.5 h-3.5 text-white/60"[39m
                      [33mfill[39m=[32m"none"[39m
                      [33mheight[39m=[32m"24"[39m
                      [33mstroke[39m=[32m"currentColor"[39m
                      [33mstroke-linecap[39m=[32m"round"[39m
                      [33mstroke-linejoin[39m=[32m"round"[39m
                      [33mstroke-width[39m=[32m"2"[39m
                      [33mviewBox[39m=[32m"0 0 24 24"[39m
                      [33mwidth[39m=[32m"24"[39m
                      [33mxmlns[39m=[32m"http://www.w3.org/2000/svg"[39m
                    [36m>[39m
                      [36m<path[39m
                        [33md[39m=[32m"M11.017 2.814a1 1 0 0 1 1.966 0l1.051 5.558a2 2 0 0 0 1.594 1.594l5.558 1.051a1 1 0 0 1 0 1.966l-5.558 1.051a2 2 0 0 0-1.594 1.594l-1.051 5.558a1 1 0 0 1-1.966 0l-1.051-5.558a2 2 0 0 0-1.594-1.594l-5.558-1.051a1 1 0 0 1 0-1.966l5.558-1.051a2 2 0 0 0 1.594-1.594z"[39m
                      [36m/>[39m
                      [36m<path[39m
                        [33md[39m=[32m"M20 2v4"[39m
                      [36m/>[39m
                      [36m<path[39m
                        [33md[39m=[32m"M22 4h-4"[39m
                      [36m/>[39m
                      [36m<circle[39m
                        [33mcx[39m=[32m"4"[39m
                        [33mcy[39m=[32m"20"[39m
                        [33mr[39m=[32m"2"[39m
                      [36m/>[39m
                    [36m</svg>[39m
                    [36m<h4[39m
                      [33mclass[39m=[32m"text-[10px] uppercase font-bold tracking-widest text-white/60"[39m
                    [36m>[39m
                      [0mAI Analysis[0m
                    [36m</h4>[39m
                  [36m</div>[39m
                  [36m<div[39m
                    [33mclass[39m=[32m"bg-white/[0.03] rounded-2xl p-4 border border-white/5"[39m
                  [36m>[39m
                    [36m<p[39m
                      [33mclass[39m=[32m"te...
[90m [2m❯[22m Object.getElementError node_modules/@testing-library/dom/dist/config.js:[2m37:19[22m[39m
[90m [2m❯[22m getElementError node_modules/@testing-library/dom/dist/query-helpers.js:[2m20:35[22m[39m
[90m [2m❯[22m getMultipleElementsFoundError node_modules/@testing-library/dom/dist/query-helpers.js:[2m23:10[22m[39m
[90m [2m❯[22m node_modules/@testing-library/dom/dist/query-helpers.js:[2m55:13[22m[39m
[90m [2m❯[22m node_modules/@testing-library/dom/dist/query-helpers.js:[2m95:19[22m[39m
[36m [2m❯[22m src/components/ops/__tests__/IncidentTriageDesk.test.tsx:[2m102:28[22m[39m
    [90m100|[39m     fireEvent[33m.[39m[34mclick[39m(screen[33m.[39m[34mgetByText[39m([32m'Medical Emergency'[39m))[33m;[39m [90m// Expand[39m
    [90m101|[39m
    [90m102|[39m     fireEvent[33m.[39m[34mclick[39m(screen[33m.[39m[34mgetByRole[39m([32m'button'[39m[33m,[39m { name[33m:[39m [36m/Security/i[39m }))[33m;[39m
    [90m   |[39m                            [31m^[39m
    [90m103|[39m     expect(mockAssignIncidentTeam).toHaveBeenCalledWith('inc-1', 'secu…
    [90m104|[39m   })[33m;[39m

[31m[2m⎯⎯⎯⎯⎯⎯⎯⎯⎯⎯⎯⎯⎯⎯⎯⎯⎯⎯⎯⎯⎯⎯⎯⎯[1/8]⎯[22m[39m

[41m[1m FAIL [22m[49m src/components/ops/__tests__/IncidentTriageDesk.test.tsx[2m > [22mIncidentTriageDesk[2m > [22mcalls updateIncidentStatus when changing status to in_progress
[31m[1mTestingLibraryElementError[22m[39m: Found multiple elements with the role "button" and name `/In Progress/i`

Here are the matching elements:

Ignored nodes: comments, script, style
[36m<div[39m
  [33maria-expanded[39m=[32m"true"[39m
  [33mclass[39m=[32m"text-card-foreground shadow glass-card border bg-white/[0.03] rounded-3xl transition-colors overflow-hidden group cursor-pointer text-left w-full border-white/20 hover:bg-white/[0.05]"[39m
  [33mrole[39m=[32m"button"[39m
  [33mtabindex[39m=[32m"0"[39m
[36m>[39m
  [36m<div[39m
    [33mclass[39m=[32m"p-6"[39m
  [36m>[39m
    [36m<div[39m
      [33mclass[39m=[32m"flex flex-wrap items-center justify-between gap-3 mb-4"[39m
    [36m>[39m
      [36m<div[39m
        [33mclass[39m=[32m"flex items-center gap-2"[39m
      [36m>[39m
        [36m<span[39m
          [33mclass[39m=[32m"px-2.5 py-1 rounded-md text-[10px] font-bold uppercase tracking-widest border bg-white/10 text-white border-white/20"[39m
        [36m>[39m
          [0mcritical[0m
        [36m</span>[39m
        [36m<span[39m
          [33mclass[39m=[32m"px-2.5 py-1 rounded-md text-[10px] font-bold uppercase tracking-widest border bg-white/5 text-white/60 border-transparent"[39m
        [36m>[39m
          [0mreported[0m
        [36m</span>[39m
      [36m</div>[39m
      [36m<span[39m
        [33mclass[39m=[32m"text-[11px] font-bold text-white/60 uppercase tracking-widest"[39m
      [36m>[39m
        [0m03:30 PM[0m
      [36m</span>[39m
    [36m</div>[39m
    [36m<div[39m
      [33mclass[39m=[32m"mb-2"[39m
    [36m>[39m
      [36m<p[39m
        [33mclass[39m=[32m"text-[10px] text-white/60 uppercase tracking-widest font-bold mb-1.5"[39m
      [36m>[39m
        [0mmedical[0m
      [36m</p>[39m
      [36m<h3[39m
        [33mclass[39m=[32m"font-bold text-[17px] tracking-tight text-white/90 leading-snug"[39m
      [36m>[39m
        [0mMedical Emergency[0m
      [36m</h3>[39m
    [36m</div>[39m
    [36m<div[39m
      [33mclass[39m=[32m"flex items-center gap-1.5 text-[13px] font-medium text-white/60 mt-3"[39m
    [36m>[39m
      [36m<svg[39m
        [33maria-hidden[39m=[32m"true"[39m
        [33mclass[39m=[32m"lucide lucide-map-pin w-3.5 h-3.5"[39m
        [33mfill[39m=[32m"none"[39m
        [33mheight[39m=[32m"24"[39m
        [33mstroke[39m=[32m"currentColor"[39m
        [33mstroke-linecap[39m=[32m"round"[39m
        [33mstroke-linejoin[39m=[32m"round"[39m
        [33mstroke-width[39m=[32m"2"[39m
        [33mviewBox[39m=[32m"0 0 24 24"[39m
        [33mwidth[39m=[32m"24"[39m
        [33mxmlns[39m=[32m"http://www.w3.org/2000/svg"[39m
      [36m>[39m
        [36m<path[39m
          [33md[39m=[32m"M20 10c0 4.993-5.539 10.193-7.399 11.799a1 1 0 0 1-1.202 0C9.539 20.193 4 14.993 4 10a8 8 0 0 1 16 0"[39m
        [36m/>[39m
        [36m<circle[39m
          [33mcx[39m=[32m"12"[39m
          [33mcy[39m=[32m"10"[39m
          [33mr[39m=[32m"3"[39m
        [36m/>[39m
      [36m</svg>[39m
      [36m<span>[39m
        [0mSection 101[0m
      [36m</span>[39m
    [36m</div>[39m
    [36m<div[39m
      [33mclass[39m=[32m"mt-6 pt-6 border-t border-white/10 space-y-8"[39m
      [33mstyle[39m=[32m"opacity: 0; height: 0px;"[39m
    [36m>[39m
      [36m<div>[39m
        [36m<div[39m
          [33mclass[39m=[32m"flex items-center gap-1.5 mb-3"[39m
        [36m>[39m
          [36m<svg[39m
            [33maria-hidden[39m=[32m"true"[39m
            [33mclass[39m=[32m"lucide lucide-sparkles w-3.5 h-3.5 text-white/60"[39m
            [33mfill[39m=[32m"none"[39m
            [33mheight[39m=[32m"24"[39m
            [33mstroke[39m=[32m"currentColor"[39m
            [33mstroke-linecap[39m=[32m"round"[39m
            [33mstroke-linejoin[39m=[32m"round"[39m
            [33mstroke-width[39m=[32m"2"[39m
            [33mviewBox[39m=[32m"0 0 24 24"[39m
            [33mwidth[39m=[32m"24"[39m
            [33mxmlns[39m=[32m"http://www.w3.org/2000/svg"[39m
          [36m>[39m
            [36m<path[39m
              [33md[39m=[32m"M11.017 2.814a1 1 0 0 1 1.966 0l1.051 5.558a2 2 0 0 0 1.594 1.594l5.558 1.051a1 1 0 0 1 0 1.966l-5.558 1.051a2 2 0 0 0-1.594 1.594l-1.051 5.558a1 1 0 0 1-1.966 0l-1.051-5.558a2 2 0 0 0-1.594-1.594l-5.558-1.051a1 1 0 0 1 0-1.966l5.558-1.051a2 2 0 0 0 1.594-1.594z"[39m
            [36m/>[39m
            [36m<path[39m
              [33md[39m=[32m"M20 2v4"[39m
            [36m/>[39m
            [36m<path[39m
              [33md[39m=[32m"M22 4h-4"[39m
            [36m/>[39m
            [36m<circle[39m
              [33mcx[39m=[32m"4"[39m
              [33mcy[39m=[32m"20"[39m
              [33mr[39m=[32m"2"[39m
            [36m/>[39m
          [36m</svg>[39m
          [36m<h4[39m
            [33mclass[39m=[32m"text-[10px] uppercase font-bold tracking-widest text-white/60"[39m
          [36m>[39m
            [0mAI Analysis[0m
          [36m</h4>[39m
        [36m</div>[39m
        [36m<div[39m
          [33mclass[39m=[32m"bg-white/[0.03] rounded-2xl p-4 border border-white/5"[39m
        [36m>[39m
          [36m<p[39m
            [33mclass[39m=[32m"text-[13px] text-white/70 leading-relaxed font-medium"[39m
          [36m>[39m
            [0mAI says critical[0m
          [36m</p>[39m
        [36m</div>[39m
      [36m</div>[39m
      [36m<div[39m
        [33mclass[39m=[32m"grid grid-cols-1 md:grid-cols-2 gap-6"[39m
      [36m>[39m
        [36m<div>[39m
          [36m<h4[39m
            [33mclass[39m=[32m"text-[10px] uppercase font-bold tracking-widest text-white/60 mb-3"[39m
          [36m>[39m
            [0mAssign Team[0m
          [36m</h4>[39m
          [36m<div[39m
            [33mclass[39m=[32m"flex flex-wrap gap-2"[39m
          [36m>[39m
            [36m<button[39m
              [33mclass[39m=[32m"flex-1 h-10 rounded-xl border flex items-center justify-center gap-2 transition-colors text-[11px] font-bold uppercase tracking-widest bg-white/5 border-white/10 hover:bg-white/10 text-white/70"[39m
            [36m>[39m
              [36m<svg[39m
                [33maria-hidden[39m=[32m"true"[39m
                [33mclass[39m=[32m"lucide lucide-shield w-3.5 h-3.5"[39m
                [33mfill[39m=[32m"none"[39m
                [33mheight[39m=[32m"24"[39m
                [33mstroke[39m=[32m"currentColor"[39m
                [33mstroke-linecap[39m=[32m"round"[39m
                [33mstroke-linejoin[39m=[32m"round"[39m
                [33mstroke-width[39m=[32m"2"[39m
                [33mviewBox[39m=[32m"0 0 24 24"[39m
                [33mwidth[39m=[32m"24"[39m
                [33mxmlns[39m=[32m"http://www.w3.org/2000/svg"[39m
              [36m>[39m
                [36m<path[39m
                  [33md[39m=[32m"M20 13c0 5-3.5 7.5-7.66 8.95a1 1 0 0 1-.67-.01C7.5 20.5 4 18 4 13V6a1 1 0 0 1 1-1c2 0 4.5-1.2 6.24-2.72a1.17 1.17 0 0 1 1.52 0C14.51 3.81 17 5 19 5a1 1 0 0 1 1 1z"[39m
                [36m/>[39m
              [36m</svg>[39m
              [0m Security[0m
            [36m</button>[39m
            [36m<button[39m
              [33mclass[39m=[32m"flex-1 h-10 rounded-xl border flex items-center justify-center gap-2 transition-colors text-[11px] font-bold uppercase tracking-widest bg-white/5 border-white/10 hover:bg-white/10 text-white/70"[39m
            [36m>[39m
              [36m<svg[39m
                [33maria-hidden[39m=[32m"true"[39m
                [33mclass[39m=[32m"lucide lucide-shield-alert w-3.5 h-3.5"[39m
                [33mfill[39m=[32m"none"[39m
                [33mheight[39m=[32m"24"[39m
                [33mstroke[39m=[32m"currentColor"[39m
                [33mstroke-linecap[39m=[32m"round"[39m
                [33mstroke-linejoin[39m=[32m"round"[39m
                [33mstroke-width[39m=[32m"2"[39m
                [33mviewBox[39m=[32m"0 0 24 24"[39m
                [33mwidth[39m=[32m"24"[39m
                [33mxmlns[39m=[32m"http://www.w3.org/2000/svg"[39m
              [36m>[39m
                [36m<path[39m
                  [33md[39m=[32m"M20 13c0 5-3.5 7.5-7.66 8.95a1 1 0 0 1-.67-.01C7.5 20.5 4 18 4 13V6a1 1 0 0 1 1-1c2 0 4.5-1.2 6.24-2.72a1.17 1.17 0 0 1 1.52 0C14.51 3.81 17 5 19 5a1 1 0 0 1 1 1z"[39m
                [36m/>[39m
                [36m<path[39m
                  [33md[39m=[32m"M12 8v4"[39m
                [36m/>[39m
                [36m<path[39m
                  [33md[39m=[32m"M12 16h.01"[39m
                [36m/>[39m
              [36m</svg>[39m
              [0m Medical[0m
            [36m</button>[39m
          [36m</div>[39m
        [36m</div>[39m
        [36m<div>[39m
          [36m<h4[39m
            [33mclass[39m=[32m"text-[10px] uppercase font-bold tracking-widest text-white/60 mb-3"[39m
          [36m>[39m
            [0mUpdate Status[0m
          [36m</h4>[39m
          [36m<div[39m
            [33mclass[39m=[32m"flex flex-wrap gap-2"[39m
          [36m>[39m
            [36m<button[39m
              [33mclass[39m=[32m"flex-1 h-10 rounded-xl bg-white/5 border border-white/10 text-white/70 hover:bg-white/10 hover:text-white/90 disabled:opacity-40 disabled:hover:bg-white/5 transition-colors text-[11px] font-bold uppercase tracking-widest"[39m
            [36m>[39m
              [0mIn Progress[0m
            [36m</button>[39m
            [36m<button[39m
              [33mclass[39m=[32m"flex-1 h-10 rounded-xl bg-white/10 border border-white/20 text-white hover:bg-white/20 transition-colors text-[11px] font-bold uppercase tracking-widest"[39m
            [36m>[39m
              [0mResolve[0m
            [36m</button>[39m
          [36m</div>[39m
        [36m</div>[39m
      [36m</div>[39m
      [36m<div>[39m
        [36m<h4[39m
          [33mclass[39m=[32m"text-[10px] uppercase font-bold tracking-widest text-white/60 mb-3"[39m
        [36m>[39m
          [0mOps Log Note[0m
        [36m</h4>[39m
        [36m<div[39m
          [33mclass[39m=[32m"flex gap-2"[39m
        [36m>[39m
          [36m<label[39m
            [33mclass[39m=[32m"sr-only"[39m
            [33mfor[39m=[32m"note-inc-1"[39m
          [36m>[39m
            [0mIncident Note[0m
          [36m</label>[39m
          [36m<input[39m
            [33mclass[39m=[32m"bg-black/50 border border-white/10 rounded-xl px-4 py-3 text-[13px] w-full focus:outline-none focus:border-white/30 text-white placeholder-white/40 font-medium"[39m
            [33mid[39m=[32m"note-inc-1"[39m
            [33mplaceholder[39m=[32m"Record an update or action taken..."[39m
            [33mtype[39m=[32m"text"[39m
            [33mvalue[39m=[32m""[39m
          [36m/>[39m
          [36m<button[39m
            [33maria-label[39m=[32m"Send note"[39m
            [33mclass[39m=[32m"w-12 shrink-0 bg-white/10 rounded-xl flex items-center justify-center hover:bg-white/20 transition-colors border border-white/10 disabled:opacity-50"[39m
            [33mdisabled[39m=[32m""[39m
          [36m>[39m
            [36m<svg[39m
              [33maria-hidden[39m=[32m"true"[39m
              [33mclass[39m=[32m"lucide lucide-send w-4 h-4 text-white/80"[39m
              [33mfill[39m=[32m"none"[39m
              [33mheight[39m=[32m"24"[39m
              [33mstroke[39m=[32m"currentColor"[39m
              [33mstroke-linecap[39m=[32m"round"[39m
              [33mstroke-linejoin[39m=[32m"round"[39m
              [33mstroke-width[39m=[32m"2"[39m
              [33mviewBox[39m=[32m"0 0 24 24"[39m
              [33mwidth[39m=[32m"24"[39m
              [33mxmlns[39m=[32m"http://www.w3.org/2000/svg"[39m
            [36m>[39m
              [36m<path[39m
                [33md[39m=[32m"M14.536 21.686a.5.5 0 0 0 .937-.024l6.5-19a.496.496 0 0 0-.635-.635l-19 6.5a.5.5 0 0 0-.024.937l7.93 3.18a2 2 0 0 1 1.112 1.11z"[39m
              [36m/>[39m
              [36m<path[39m
                [33md[39m=[32m"m21.854 2.147-10.94 10.939"[39m
              [36m/>[39m
            [36m</svg>[39m
          [36m</button>[39m
        [36m</div>[39m
      [36m</div>[39m
    [36m</div>[39m
  [36m</div>[39m
[36m</div>[39m

Ignored nodes: comments, script, style
[36m<button[39m
  [33mclass[39m=[32m"flex-1 h-10 rounded-xl bg-white/5 border border-white/10 text-white/70 hover:bg-white/10 hover:text-white/90 disabled:opacity-40 disabled:hover:bg-white/5 transition-colors text-[11px] font-bold uppercase tracking-widest"[39m
[36m>[39m
  [0mIn Progress[0m
[36m</button>[39m

Ignored nodes: comments, script, style
[36m<div[39m
  [33maria-expanded[39m=[32m"false"[39m
  [33mclass[39m=[32m"text-card-foreground shadow glass-card border bg-white/[0.03] rounded-3xl transition-colors overflow-hidden group cursor-pointer text-left w-full border-white/5 hover:bg-white/[0.04]"[39m
  [33mrole[39m=[32m"button"[39m
  [33mtabindex[39m=[32m"0"[39m
[36m>[39m
  [36m<div[39m
    [33mclass[39m=[32m"p-6"[39m
  [36m>[39m
    [36m<div[39m
      [33mclass[39m=[32m"flex flex-wrap items-center justify-between gap-3 mb-4"[39m
    [36m>[39m
      [36m<div[39m
        [33mclass[39m=[32m"flex items-center gap-2"[39m
      [36m>[39m
        [36m<span[39m
          [33mclass[39m=[32m"px-2.5 py-1 rounded-md text-[10px] font-bold uppercase tracking-widest border bg-white/5 text-white/60 border-white/10"[39m
        [36m>[39m
          [0mlow[0m
        [36m</span>[39m
        [36m<span[39m
          [33mclass[39m=[32m"px-2.5 py-1 rounded-md text-[10px] font-bold uppercase tracking-widest border bg-white/10 text-white border-white/20"[39m
        [36m>[39m
          [0min progress[0m
        [36m</span>[39m
      [36m</div>[39m
      [36m<span[39m
        [33mclass[39m=[32m"text-[11px] font-bold text-white/60 uppercase tracking-widest"[39m
      [36m>[39m
        [0m03:40 PM[0m
      [36m</span>[39m
    [36m</div>[39m
    [36m<div[39m
      [33mclass[39m=[32m"mb-2"[39m
    [36m>[39m
      [36m<p[39m
        [33mclass[39m=[32m"text-[10px] text-white/60 uppercase tracking-widest font-bold mb-1.5"[39m
      [36m>[39m
        [0mmaintenance[0m
      [36m</p>[39m
      [36m<h3[39m
        [33mclass[39m=[32m"font-bold text-[17px] tracking-tight text-white/90 leading-snug"[39m
      [36m>[39m
        [0mSpill[0m
      [36m</h3>[39m
    [36m</div>[39m
    [36m<div[39m
      [33mclass[39m=[32m"flex items-center gap-1.5 text-[13px] font-medium text-white/60 mt-3"[39m
    [36m>[39m
      [36m<svg[39m
        [33maria-hidden[39m=[32m"true"[39m
        [33mclass[39m=[32m"lucide lucide-map-pin w-3.5 h-3.5"[39m
        [33mfill[39m=[32m"none"[39m
        [33mheight[39m=[32m"24"[39m
        [33mstroke[39m=[32m"currentColor"[39m
        [33mstroke-linecap[39m=[32m"round"[39m
        [33mstroke-linejoin[39m=[32m"round"[39m
        [33mstroke-width[39m=[32m"2"[39m
        [33mviewBox[39m=[32m"0 0 24 24"[39m
        [33mwidth[39m=[32m"24"[39m
        [33mxmlns[39m=[32m"http://www.w3.org/2000/svg"[39m
      [36m>[39m
        [36m<path[39m
          [33md[39m=[32m"M20 10c0 4.993-5.539 10.193-7.399 11.799a1 1 0 0 1-1.202 0C9.539 20.193 4 14.993 4 10a8 8 0 0 1 16 0"[39m
        [36m/>[39m
        [36m<circle[39m
          [33mcx[39m=[32m"12"[39m
          [33mcy[39m=[32m"10"[39m
          [33mr[39m=[32m"3"[39m
        [36m/>[39m
      [36m</svg>[39m
      [36m<span>[39m
        [0mGate A[0m
      [36m</span>[39m
    [36m</div>[39m
  [36m</div>[39m
[36m</div>[39m

(If this is intentional, then use the `*AllBy*` variant of the query (like `queryAllByText`, `getAllByText`, or `findAllByText`)).

Ignored nodes: comments, script, style
[36m<body>[39m
  [36m<div>[39m
    [36m<section[39m
      [33maria-label[39m=[32m"Incident Triage Feed"[39m
    [36m>[39m
      [36m<h2[39m
        [33mclass[39m=[32m"text-[11px] font-bold text-white/60 uppercase tracking-widest mb-4 px-2"[39m
      [36m>[39m
        [0mIncident Triage Feed[0m
      [36m</h2>[39m
      [36m<div[39m
        [33mclass[39m=[32m"space-y-4 max-h-[800px] overflow-y-auto pr-2 custom-scrollbar"[39m
      [36m>[39m
        [36m<div[39m
          [33mstyle[39m=[32m"opacity: 0; transform: translateY(15px);"[39m
        [36m>[39m
          [36m<div[39m
            [33maria-expanded[39m=[32m"true"[39m
            [33mclass[39m=[32m"text-card-foreground shadow glass-card border bg-white/[0.03] rounded-3xl transition-colors overflow-hidden group cursor-pointer text-left w-full border-white/20 hover:bg-white/[0.05]"[39m
            [33mrole[39m=[32m"button"[39m
            [33mtabindex[39m=[32m"0"[39m
          [36m>[39m
            [36m<div[39m
              [33mclass[39m=[32m"p-6"[39m
            [36m>[39m
              [36m<div[39m
                [33mclass[39m=[32m"flex flex-wrap items-center justify-between gap-3 mb-4"[39m
              [36m>[39m
                [36m<div[39m
                  [33mclass[39m=[32m"flex items-center gap-2"[39m
                [36m>[39m
                  [36m<span[39m
                    [33mclass[39m=[32m"px-2.5 py-1 rounded-md text-[10px] font-bold uppercase tracking-widest border bg-white/10 text-white border-white/20"[39m
                  [36m>[39m
                    [0mcritical[0m
                  [36m</span>[39m
                  [36m<span[39m
                    [33mclass[39m=[32m"px-2.5 py-1 rounded-md text-[10px] font-bold uppercase tracking-widest border bg-white/5 text-white/60 border-transparent"[39m
                  [36m>[39m
                    [0mreported[0m
                  [36m</span>[39m
                [36m</div>[39m
                [36m<span[39m
                  [33mclass[39m=[32m"text-[11px] font-bold text-white/60 uppercase tracking-widest"[39m
                [36m>[39m
                  [0m03:30 PM[0m
                [36m</span>[39m
              [36m</div>[39m
              [36m<div[39m
                [33mclass[39m=[32m"mb-2"[39m
              [36m>[39m
                [36m<p[39m
                  [33mclass[39m=[32m"text-[10px] text-white/60 uppercase tracking-widest font-bold mb-1.5"[39m
                [36m>[39m
                  [0mmedical[0m
                [36m</p>[39m
                [36m<h3[39m
                  [33mclass[39m=[32m"font-bold text-[17px] tracking-tight text-white/90 leading-snug"[39m
                [36m>[39m
                  [0mMedical Emergency[0m
                [36m</h3>[39m
              [36m</div>[39m
              [36m<div[39m
                [33mclass[39m=[32m"flex items-center gap-1.5 text-[13px] font-medium text-white/60 mt-3"[39m
              [36m>[39m
                [36m<svg[39m
                  [33maria-hidden[39m=[32m"true"[39m
                  [33mclass[39m=[32m"lucide lucide-map-pin w-3.5 h-3.5"[39m
                  [33mfill[39m=[32m"none"[39m
                  [33mheight[39m=[32m"24"[39m
                  [33mstroke[39m=[32m"currentColor"[39m
                  [33mstroke-linecap[39m=[32m"round"[39m
                  [33mstroke-linejoin[39m=[32m"round"[39m
                  [33mstroke-width[39m=[32m"2"[39m
                  [33mviewBox[39m=[32m"0 0 24 24"[39m
                  [33mwidth[39m=[32m"24"[39m
                  [33mxmlns[39m=[32m"http://www.w3.org/2000/svg"[39m
                [36m>[39m
                  [36m<path[39m
                    [33md[39m=[32m"M20 10c0 4.993-5.539 10.193-7.399 11.799a1 1 0 0 1-1.202 0C9.539 20.193 4 14.993 4 10a8 8 0 0 1 16 0"[39m
                  [36m/>[39m
                  [36m<circle[39m
                    [33mcx[39m=[32m"12"[39m
                    [33mcy[39m=[32m"10"[39m
                    [33mr[39m=[32m"3"[39m
                  [36m/>[39m
                [36m</svg>[39m
                [36m<span>[39m
                  [0mSection 101[0m
                [36m</span>[39m
              [36m</div>[39m
              [36m<div[39m
                [33mclass[39m=[32m"mt-6 pt-6 border-t border-white/10 space-y-8"[39m
                [33mstyle[39m=[32m"opacity: 0; height: 0px;"[39m
              [36m>[39m
                [36m<div>[39m
                  [36m<div[39m
                    [33mclass[39m=[32m"flex items-center gap-1.5 mb-3"[39m
                  [36m>[39m
                    [36m<svg[39m
                      [33maria-hidden[39m=[32m"true"[39m
                      [33mclass[39m=[32m"lucide lucide-sparkles w-3.5 h-3.5 text-white/60"[39m
                      [33mfill[39m=[32m"none"[39m
                      [33mheight[39m=[32m"24"[39m
                      [33mstroke[39m=[32m"currentColor"[39m
                      [33mstroke-linecap[39m=[32m"round"[39m
                      [33mstroke-linejoin[39m=[32m"round"[39m
                      [33mstroke-width[39m=[32m"2"[39m
                      [33mviewBox[39m=[32m"0 0 24 24"[39m
                      [33mwidth[39m=[32m"24"[39m
                      [33mxmlns[39m=[32m"http://www.w3.org/2000/svg"[39m
                    [36m>[39m
                      [36m<path[39m
                        [33md[39m=[32m"M11.017 2.814a1 1 0 0 1 1.966 0l1.051 5.558a2 2 0 0 0 1.594 1.594l5.558 1.051a1 1 0 0 1 0 1.966l-5.558 1.051a2 2 0 0 0-1.594 1.594l-1.051 5.558a1 1 0 0 1-1.966 0l-1.051-5.558a2 2 0 0 0-1.594-1.594l-5.558-1.051a1 1 0 0 1 0-1.966l5.558-1.051a2 2 0 0 0 1.594-1.594z"[39m
                      [36m/>[39m
                      [36m<path[39m
                        [33md[39m=[32m"M20 2v4"[39m
                      [36m/>[39m
                      [36m<path[39m
                        [33md[39m=[32m"M22 4h-4"[39m
                      [36m/>[39m
                      [36m<circle[39m
                        [33mcx[39m=[32m"4"[39m
                        [33mcy[39m=[32m"20"[39m
                        [33mr[39m=[32m"2"[39m
                      [36m/>[39m
                    [36m</svg>[39m
                    [36m<h4[39m
                      [33mclass[39m=[32m"text-[10px] uppercase font-bold tracking-widest text-white/60"[39m
                    [36m>[39m
                      [0mAI Analysis[0m
                    [36m</h4>[39m
                  [36m</div>[39m
                  [36m<div[39m
                    [33mclass[39m=[32m"bg-white/[0.03] rounded-2xl p-4 border border-white/5"[39m
                  [36m>[39m
                    [36m<p[39m
                      [33mclass[39m=[32m"te...
[90m [2m❯[22m Object.getElementError node_modules/@testing-library/dom/dist/config.js:[2m37:19[22m[39m
[90m [2m❯[22m getElementError node_modules/@testing-library/dom/dist/query-helpers.js:[2m20:35[22m[39m
[90m [2m❯[22m getMultipleElementsFoundError node_modules/@testing-library/dom/dist/query-helpers.js:[2m23:10[22m[39m
[90m [2m❯[22m node_modules/@testing-library/dom/dist/query-helpers.js:[2m55:13[22m[39m
[90m [2m❯[22m node_modules/@testing-library/dom/dist/query-helpers.js:[2m95:19[22m[39m
[36m [2m❯[22m src/components/ops/__tests__/IncidentTriageDesk.test.tsx:[2m110:28[22m[39m
    [90m108|[39m     fireEvent[33m.[39m[34mclick[39m(screen[33m.[39m[34mgetByText[39m([32m'Medical Emergency'[39m))[33m;[39m [90m// Expand[39m
    [90m109|[39m
    [90m110|[39m     fireEvent.click(screen.getByRole('button', { name: /In Progress/i …
    [90m   |[39m                            [31m^[39m
    [90m111|[39m     expect(mockUpdateIncidentStatus).toHaveBeenCalledWith('inc-1', 're…
    [90m112|[39m   })[33m;[39m

[31m[2m⎯⎯⎯⎯⎯⎯⎯⎯⎯⎯⎯⎯⎯⎯⎯⎯⎯⎯⎯⎯⎯⎯⎯⎯[2/8]⎯[22m[39m

[41m[1m FAIL [22m[49m src/components/ops/__tests__/IncidentTriageDesk.test.tsx[2m > [22mIncidentTriageDesk[2m > [22mcalls updateIncidentStatus when resolving incident
[31m[1mTestingLibraryElementError[22m[39m: Found multiple elements with the role "button" and name `/Resolve/i`

Here are the matching elements:

Ignored nodes: comments, script, style
[36m<div[39m
  [33maria-expanded[39m=[32m"true"[39m
  [33mclass[39m=[32m"text-card-foreground shadow glass-card border bg-white/[0.03] rounded-3xl transition-colors overflow-hidden group cursor-pointer text-left w-full border-white/20 hover:bg-white/[0.05]"[39m
  [33mrole[39m=[32m"button"[39m
  [33mtabindex[39m=[32m"0"[39m
[36m>[39m
  [36m<div[39m
    [33mclass[39m=[32m"p-6"[39m
  [36m>[39m
    [36m<div[39m
      [33mclass[39m=[32m"flex flex-wrap items-center justify-between gap-3 mb-4"[39m
    [36m>[39m
      [36m<div[39m
        [33mclass[39m=[32m"flex items-center gap-2"[39m
      [36m>[39m
        [36m<span[39m
          [33mclass[39m=[32m"px-2.5 py-1 rounded-md text-[10px] font-bold uppercase tracking-widest border bg-white/10 text-white border-white/20"[39m
        [36m>[39m
          [0mcritical[0m
        [36m</span>[39m
        [36m<span[39m
          [33mclass[39m=[32m"px-2.5 py-1 rounded-md text-[10px] font-bold uppercase tracking-widest border bg-white/5 text-white/60 border-transparent"[39m
        [36m>[39m
          [0mreported[0m
        [36m</span>[39m
      [36m</div>[39m
      [36m<span[39m
        [33mclass[39m=[32m"text-[11px] font-bold text-white/60 uppercase tracking-widest"[39m
      [36m>[39m
        [0m03:30 PM[0m
      [36m</span>[39m
    [36m</div>[39m
    [36m<div[39m
      [33mclass[39m=[32m"mb-2"[39m
    [36m>[39m
      [36m<p[39m
        [33mclass[39m=[32m"text-[10px] text-white/60 uppercase tracking-widest font-bold mb-1.5"[39m
      [36m>[39m
        [0mmedical[0m
      [36m</p>[39m
      [36m<h3[39m
        [33mclass[39m=[32m"font-bold text-[17px] tracking-tight text-white/90 leading-snug"[39m
      [36m>[39m
        [0mMedical Emergency[0m
      [36m</h3>[39m
    [36m</div>[39m
    [36m<div[39m
      [33mclass[39m=[32m"flex items-center gap-1.5 text-[13px] font-medium text-white/60 mt-3"[39m
    [36m>[39m
      [36m<svg[39m
        [33maria-hidden[39m=[32m"true"[39m
        [33mclass[39m=[32m"lucide lucide-map-pin w-3.5 h-3.5"[39m
        [33mfill[39m=[32m"none"[39m
        [33mheight[39m=[32m"24"[39m
        [33mstroke[39m=[32m"currentColor"[39m
        [33mstroke-linecap[39m=[32m"round"[39m
        [33mstroke-linejoin[39m=[32m"round"[39m
        [33mstroke-width[39m=[32m"2"[39m
        [33mviewBox[39m=[32m"0 0 24 24"[39m
        [33mwidth[39m=[32m"24"[39m
        [33mxmlns[39m=[32m"http://www.w3.org/2000/svg"[39m
      [36m>[39m
        [36m<path[39m
          [33md[39m=[32m"M20 10c0 4.993-5.539 10.193-7.399 11.799a1 1 0 0 1-1.202 0C9.539 20.193 4 14.993 4 10a8 8 0 0 1 16 0"[39m
        [36m/>[39m
        [36m<circle[39m
          [33mcx[39m=[32m"12"[39m
          [33mcy[39m=[32m"10"[39m
          [33mr[39m=[32m"3"[39m
        [36m/>[39m
      [36m</svg>[39m
      [36m<span>[39m
        [0mSection 101[0m
      [36m</span>[39m
    [36m</div>[39m
    [36m<div[39m
      [33mclass[39m=[32m"mt-6 pt-6 border-t border-white/10 space-y-8"[39m
      [33mstyle[39m=[32m"opacity: 0; height: 0px;"[39m
    [36m>[39m
      [36m<div>[39m
        [36m<div[39m
          [33mclass[39m=[32m"flex items-center gap-1.5 mb-3"[39m
        [36m>[39m
          [36m<svg[39m
            [33maria-hidden[39m=[32m"true"[39m
            [33mclass[39m=[32m"lucide lucide-sparkles w-3.5 h-3.5 text-white/60"[39m
            [33mfill[39m=[32m"none"[39m
            [33mheight[39m=[32m"24"[39m
            [33mstroke[39m=[32m"currentColor"[39m
            [33mstroke-linecap[39m=[32m"round"[39m
            [33mstroke-linejoin[39m=[32m"round"[39m
            [33mstroke-width[39m=[32m"2"[39m
            [33mviewBox[39m=[32m"0 0 24 24"[39m
            [33mwidth[39m=[32m"24"[39m
            [33mxmlns[39m=[32m"http://www.w3.org/2000/svg"[39m
          [36m>[39m
            [36m<path[39m
              [33md[39m=[32m"M11.017 2.814a1 1 0 0 1 1.966 0l1.051 5.558a2 2 0 0 0 1.594 1.594l5.558 1.051a1 1 0 0 1 0 1.966l-5.558 1.051a2 2 0 0 0-1.594 1.594l-1.051 5.558a1 1 0 0 1-1.966 0l-1.051-5.558a2 2 0 0 0-1.594-1.594l-5.558-1.051a1 1 0 0 1 0-1.966l5.558-1.051a2 2 0 0 0 1.594-1.594z"[39m
            [36m/>[39m
            [36m<path[39m
              [33md[39m=[32m"M20 2v4"[39m
            [36m/>[39m
            [36m<path[39m
              [33md[39m=[32m"M22 4h-4"[39m
            [36m/>[39m
            [36m<circle[39m
              [33mcx[39m=[32m"4"[39m
              [33mcy[39m=[32m"20"[39m
              [33mr[39m=[32m"2"[39m
            [36m/>[39m
          [36m</svg>[39m
          [36m<h4[39m
            [33mclass[39m=[32m"text-[10px] uppercase font-bold tracking-widest text-white/60"[39m
          [36m>[39m
            [0mAI Analysis[0m
          [36m</h4>[39m
        [36m</div>[39m
        [36m<div[39m
          [33mclass[39m=[32m"bg-white/[0.03] rounded-2xl p-4 border border-white/5"[39m
        [36m>[39m
          [36m<p[39m
            [33mclass[39m=[32m"text-[13px] text-white/70 leading-relaxed font-medium"[39m
          [36m>[39m
            [0mAI says critical[0m
          [36m</p>[39m
        [36m</div>[39m
      [36m</div>[39m
      [36m<div[39m
        [33mclass[39m=[32m"grid grid-cols-1 md:grid-cols-2 gap-6"[39m
      [36m>[39m
        [36m<div>[39m
          [36m<h4[39m
            [33mclass[39m=[32m"text-[10px] uppercase font-bold tracking-widest text-white/60 mb-3"[39m
          [36m>[39m
            [0mAssign Team[0m
          [36m</h4>[39m
          [36m<div[39m
            [33mclass[39m=[32m"flex flex-wrap gap-2"[39m
          [36m>[39m
            [36m<button[39m
              [33mclass[39m=[32m"flex-1 h-10 rounded-xl border flex items-center justify-center gap-2 transition-colors text-[11px] font-bold uppercase tracking-widest bg-white/5 border-white/10 hover:bg-white/10 text-white/70"[39m
            [36m>[39m
              [36m<svg[39m
                [33maria-hidden[39m=[32m"true"[39m
                [33mclass[39m=[32m"lucide lucide-shield w-3.5 h-3.5"[39m
                [33mfill[39m=[32m"none"[39m
                [33mheight[39m=[32m"24"[39m
                [33mstroke[39m=[32m"currentColor"[39m
                [33mstroke-linecap[39m=[32m"round"[39m
                [33mstroke-linejoin[39m=[32m"round"[39m
                [33mstroke-width[39m=[32m"2"[39m
                [33mviewBox[39m=[32m"0 0 24 24"[39m
                [33mwidth[39m=[32m"24"[39m
                [33mxmlns[39m=[32m"http://www.w3.org/2000/svg"[39m
              [36m>[39m
                [36m<path[39m
                  [33md[39m=[32m"M20 13c0 5-3.5 7.5-7.66 8.95a1 1 0 0 1-.67-.01C7.5 20.5 4 18 4 13V6a1 1 0 0 1 1-1c2 0 4.5-1.2 6.24-2.72a1.17 1.17 0 0 1 1.52 0C14.51 3.81 17 5 19 5a1 1 0 0 1 1 1z"[39m
                [36m/>[39m
              [36m</svg>[39m
              [0m Security[0m
            [36m</button>[39m
            [36m<button[39m
              [33mclass[39m=[32m"flex-1 h-10 rounded-xl border flex items-center justify-center gap-2 transition-colors text-[11px] font-bold uppercase tracking-widest bg-white/5 border-white/10 hover:bg-white/10 text-white/70"[39m
            [36m>[39m
              [36m<svg[39m
                [33maria-hidden[39m=[32m"true"[39m
                [33mclass[39m=[32m"lucide lucide-shield-alert w-3.5 h-3.5"[39m
                [33mfill[39m=[32m"none"[39m
                [33mheight[39m=[32m"24"[39m
                [33mstroke[39m=[32m"currentColor"[39m
                [33mstroke-linecap[39m=[32m"round"[39m
                [33mstroke-linejoin[39m=[32m"round"[39m
                [33mstroke-width[39m=[32m"2"[39m
                [33mviewBox[39m=[32m"0 0 24 24"[39m
                [33mwidth[39m=[32m"24"[39m
                [33mxmlns[39m=[32m"http://www.w3.org/2000/svg"[39m
              [36m>[39m
                [36m<path[39m
                  [33md[39m=[32m"M20 13c0 5-3.5 7.5-7.66 8.95a1 1 0 0 1-.67-.01C7.5 20.5 4 18 4 13V6a1 1 0 0 1 1-1c2 0 4.5-1.2 6.24-2.72a1.17 1.17 0 0 1 1.52 0C14.51 3.81 17 5 19 5a1 1 0 0 1 1 1z"[39m
                [36m/>[39m
                [36m<path[39m
                  [33md[39m=[32m"M12 8v4"[39m
                [36m/>[39m
                [36m<path[39m
                  [33md[39m=[32m"M12 16h.01"[39m
                [36m/>[39m
              [36m</svg>[39m
              [0m Medical[0m
            [36m</button>[39m
          [36m</div>[39m
        [36m</div>[39m
        [36m<div>[39m
          [36m<h4[39m
            [33mclass[39m=[32m"text-[10px] uppercase font-bold tracking-widest text-white/60 mb-3"[39m
          [36m>[39m
            [0mUpdate Status[0m
          [36m</h4>[39m
          [36m<div[39m
            [33mclass[39m=[32m"flex flex-wrap gap-2"[39m
          [36m>[39m
            [36m<button[39m
              [33mclass[39m=[32m"flex-1 h-10 rounded-xl bg-white/5 border border-white/10 text-white/70 hover:bg-white/10 hover:text-white/90 disabled:opacity-40 disabled:hover:bg-white/5 transition-colors text-[11px] font-bold uppercase tracking-widest"[39m
            [36m>[39m
              [0mIn Progress[0m
            [36m</button>[39m
            [36m<button[39m
              [33mclass[39m=[32m"flex-1 h-10 rounded-xl bg-white/10 border border-white/20 text-white hover:bg-white/20 transition-colors text-[11px] font-bold uppercase tracking-widest"[39m
            [36m>[39m
              [0mResolve[0m
            [36m</button>[39m
          [36m</div>[39m
        [36m</div>[39m
      [36m</div>[39m
      [36m<div>[39m
        [36m<h4[39m
          [33mclass[39m=[32m"text-[10px] uppercase font-bold tracking-widest text-white/60 mb-3"[39m
        [36m>[39m
          [0mOps Log Note[0m
        [36m</h4>[39m
        [36m<div[39m
          [33mclass[39m=[32m"flex gap-2"[39m
        [36m>[39m
          [36m<label[39m
            [33mclass[39m=[32m"sr-only"[39m
            [33mfor[39m=[32m"note-inc-1"[39m
          [36m>[39m
            [0mIncident Note[0m
          [36m</label>[39m
          [36m<input[39m
            [33mclass[39m=[32m"bg-black/50 border border-white/10 rounded-xl px-4 py-3 text-[13px] w-full focus:outline-none focus:border-white/30 text-white placeholder-white/40 font-medium"[39m
            [33mid[39m=[32m"note-inc-1"[39m
            [33mplaceholder[39m=[32m"Record an update or action taken..."[39m
            [33mtype[39m=[32m"text"[39m
            [33mvalue[39m=[32m""[39m
          [36m/>[39m
          [36m<button[39m
            [33maria-label[39m=[32m"Send note"[39m
            [33mclass[39m=[32m"w-12 shrink-0 bg-white/10 rounded-xl flex items-center justify-center hover:bg-white/20 transition-colors border border-white/10 disabled:opacity-50"[39m
            [33mdisabled[39m=[32m""[39m
          [36m>[39m
            [36m<svg[39m
              [33maria-hidden[39m=[32m"true"[39m
              [33mclass[39m=[32m"lucide lucide-send w-4 h-4 text-white/80"[39m
              [33mfill[39m=[32m"none"[39m
              [33mheight[39m=[32m"24"[39m
              [33mstroke[39m=[32m"currentColor"[39m
              [33mstroke-linecap[39m=[32m"round"[39m
              [33mstroke-linejoin[39m=[32m"round"[39m
              [33mstroke-width[39m=[32m"2"[39m
              [33mviewBox[39m=[32m"0 0 24 24"[39m
              [33mwidth[39m=[32m"24"[39m
              [33mxmlns[39m=[32m"http://www.w3.org/2000/svg"[39m
            [36m>[39m
              [36m<path[39m
                [33md[39m=[32m"M14.536 21.686a.5.5 0 0 0 .937-.024l6.5-19a.496.496 0 0 0-.635-.635l-19 6.5a.5.5 0 0 0-.024.937l7.93 3.18a2 2 0 0 1 1.112 1.11z"[39m
              [36m/>[39m
              [36m<path[39m
                [33md[39m=[32m"m21.854 2.147-10.94 10.939"[39m
              [36m/>[39m
            [36m</svg>[39m
          [36m</button>[39m
        [36m</div>[39m
      [36m</div>[39m
    [36m</div>[39m
  [36m</div>[39m
[36m</div>[39m

Ignored nodes: comments, script, style
[36m<button[39m
  [33mclass[39m=[32m"flex-1 h-10 rounded-xl bg-white/10 border border-white/20 text-white hover:bg-white/20 transition-colors text-[11px] font-bold uppercase tracking-widest"[39m
[36m>[39m
  [0mResolve[0m
[36m</button>[39m

(If this is intentional, then use the `*AllBy*` variant of the query (like `queryAllByText`, `getAllByText`, or `findAllByText`)).

Ignored nodes: comments, script, style
[36m<body>[39m
  [36m<div>[39m
    [36m<section[39m
      [33maria-label[39m=[32m"Incident Triage Feed"[39m
    [36m>[39m
      [36m<h2[39m
        [33mclass[39m=[32m"text-[11px] font-bold text-white/60 uppercase tracking-widest mb-4 px-2"[39m
      [36m>[39m
        [0mIncident Triage Feed[0m
      [36m</h2>[39m
      [36m<div[39m
        [33mclass[39m=[32m"space-y-4 max-h-[800px] overflow-y-auto pr-2 custom-scrollbar"[39m
      [36m>[39m
        [36m<div[39m
          [33mstyle[39m=[32m"opacity: 0; transform: translateY(15px);"[39m
        [36m>[39m
          [36m<div[39m
            [33maria-expanded[39m=[32m"true"[39m
            [33mclass[39m=[32m"text-card-foreground shadow glass-card border bg-white/[0.03] rounded-3xl transition-colors overflow-hidden group cursor-pointer text-left w-full border-white/20 hover:bg-white/[0.05]"[39m
            [33mrole[39m=[32m"button"[39m
            [33mtabindex[39m=[32m"0"[39m
          [36m>[39m
            [36m<div[39m
              [33mclass[39m=[32m"p-6"[39m
            [36m>[39m
              [36m<div[39m
                [33mclass[39m=[32m"flex flex-wrap items-center justify-between gap-3 mb-4"[39m
              [36m>[39m
                [36m<div[39m
                  [33mclass[39m=[32m"flex items-center gap-2"[39m
                [36m>[39m
                  [36m<span[39m
                    [33mclass[39m=[32m"px-2.5 py-1 rounded-md text-[10px] font-bold uppercase tracking-widest border bg-white/10 text-white border-white/20"[39m
                  [36m>[39m
                    [0mcritical[0m
                  [36m</span>[39m
                  [36m<span[39m
                    [33mclass[39m=[32m"px-2.5 py-1 rounded-md text-[10px] font-bold uppercase tracking-widest border bg-white/5 text-white/60 border-transparent"[39m
                  [36m>[39m
                    [0mreported[0m
                  [36m</span>[39m
                [36m</div>[39m
                [36m<span[39m
                  [33mclass[39m=[32m"text-[11px] font-bold text-white/60 uppercase tracking-widest"[39m
                [36m>[39m
                  [0m03:30 PM[0m
                [36m</span>[39m
              [36m</div>[39m
              [36m<div[39m
                [33mclass[39m=[32m"mb-2"[39m
              [36m>[39m
                [36m<p[39m
                  [33mclass[39m=[32m"text-[10px] text-white/60 uppercase tracking-widest font-bold mb-1.5"[39m
                [36m>[39m
                  [0mmedical[0m
                [36m</p>[39m
                [36m<h3[39m
                  [33mclass[39m=[32m"font-bold text-[17px] tracking-tight text-white/90 leading-snug"[39m
                [36m>[39m
                  [0mMedical Emergency[0m
                [36m</h3>[39m
              [36m</div>[39m
              [36m<div[39m
                [33mclass[39m=[32m"flex items-center gap-1.5 text-[13px] font-medium text-white/60 mt-3"[39m
              [36m>[39m
                [36m<svg[39m
                  [33maria-hidden[39m=[32m"true"[39m
                  [33mclass[39m=[32m"lucide lucide-map-pin w-3.5 h-3.5"[39m
                  [33mfill[39m=[32m"none"[39m
                  [33mheight[39m=[32m"24"[39m
                  [33mstroke[39m=[32m"currentColor"[39m
                  [33mstroke-linecap[39m=[32m"round"[39m
                  [33mstroke-linejoin[39m=[32m"round"[39m
                  [33mstroke-width[39m=[32m"2"[39m
                  [33mviewBox[39m=[32m"0 0 24 24"[39m
                  [33mwidth[39m=[32m"24"[39m
                  [33mxmlns[39m=[32m"http://www.w3.org/2000/svg"[39m
                [36m>[39m
                  [36m<path[39m
                    [33md[39m=[32m"M20 10c0 4.993-5.539 10.193-7.399 11.799a1 1 0 0 1-1.202 0C9.539 20.193 4 14.993 4 10a8 8 0 0 1 16 0"[39m
                  [36m/>[39m
                  [36m<circle[39m
                    [33mcx[39m=[32m"12"[39m
                    [33mcy[39m=[32m"10"[39m
                    [33mr[39m=[32m"3"[39m
                  [36m/>[39m
                [36m</svg>[39m
                [36m<span>[39m
                  [0mSection 101[0m
                [36m</span>[39m
              [36m</div>[39m
              [36m<div[39m
                [33mclass[39m=[32m"mt-6 pt-6 border-t border-white/10 space-y-8"[39m
                [33mstyle[39m=[32m"opacity: 0; height: 0px;"[39m
              [36m>[39m
                [36m<div>[39m
                  [36m<div[39m
                    [33mclass[39m=[32m"flex items-center gap-1.5 mb-3"[39m
                  [36m>[39m
                    [36m<svg[39m
                      [33maria-hidden[39m=[32m"true"[39m
                      [33mclass[39m=[32m"lucide lucide-sparkles w-3.5 h-3.5 text-white/60"[39m
                      [33mfill[39m=[32m"none"[39m
                      [33mheight[39m=[32m"24"[39m
                      [33mstroke[39m=[32m"currentColor"[39m
                      [33mstroke-linecap[39m=[32m"round"[39m
                      [33mstroke-linejoin[39m=[32m"round"[39m
                      [33mstroke-width[39m=[32m"2"[39m
                      [33mviewBox[39m=[32m"0 0 24 24"[39m
                      [33mwidth[39m=[32m"24"[39m
                      [33mxmlns[39m=[32m"http://www.w3.org/2000/svg"[39m
                    [36m>[39m
                      [36m<path[39m
                        [33md[39m=[32m"M11.017 2.814a1 1 0 0 1 1.966 0l1.051 5.558a2 2 0 0 0 1.594 1.594l5.558 1.051a1 1 0 0 1 0 1.966l-5.558 1.051a2 2 0 0 0-1.594 1.594l-1.051 5.558a1 1 0 0 1-1.966 0l-1.051-5.558a2 2 0 0 0-1.594-1.594l-5.558-1.051a1 1 0 0 1 0-1.966l5.558-1.051a2 2 0 0 0 1.594-1.594z"[39m
                      [36m/>[39m
                      [36m<path[39m
                        [33md[39m=[32m"M20 2v4"[39m
                      [36m/>[39m
                      [36m<path[39m
                        [33md[39m=[32m"M22 4h-4"[39m
                      [36m/>[39m
                      [36m<circle[39m
                        [33mcx[39m=[32m"4"[39m
                        [33mcy[39m=[32m"20"[39m
                        [33mr[39m=[32m"2"[39m
                      [36m/>[39m
                    [36m</svg>[39m
                    [36m<h4[39m
                      [33mclass[39m=[32m"text-[10px] uppercase font-bold tracking-widest text-white/60"[39m
                    [36m>[39m
                      [0mAI Analysis[0m
                    [36m</h4>[39m
                  [36m</div>[39m
                  [36m<div[39m
                    [33mclass[39m=[32m"bg-white/[0.03] rounded-2xl p-4 border border-white/5"[39m
                  [36m>[39m
                    [36m<p[39m
                      [33mclass[39m=[32m"te...
[90m [2m❯[22m Object.getElementError node_modules/@testing-library/dom/dist/config.js:[2m37:19[22m[39m
[90m [2m❯[22m getElementError node_modules/@testing-library/dom/dist/query-helpers.js:[2m20:35[22m[39m
[90m [2m❯[22m getMultipleElementsFoundError node_modules/@testing-library/dom/dist/query-helpers.js:[2m23:10[22m[39m
[90m [2m❯[22m node_modules/@testing-library/dom/dist/query-helpers.js:[2m55:13[22m[39m
[90m [2m❯[22m node_modules/@testing-library/dom/dist/query-helpers.js:[2m95:19[22m[39m
[36m [2m❯[22m src/components/ops/__tests__/IncidentTriageDesk.test.tsx:[2m118:28[22m[39m
    [90m116|[39m     fireEvent[33m.[39m[34mclick[39m(screen[33m.[39m[34mgetByText[39m([32m'Medical Emergency'[39m))[33m;[39m [90m// Expand[39m
    [90m117|[39m
    [90m118|[39m     fireEvent[33m.[39m[34mclick[39m(screen[33m.[39m[34mgetByRole[39m([32m'button'[39m[33m,[39m { name[33m:[39m [36m/Resolve/i[39m }))[33m;[39m
    [90m   |[39m                            [31m^[39m
    [90m119|[39m     expect(mockUpdateIncidentStatus).toHaveBeenCalledWith('inc-1', 're…
    [90m120|[39m   })[33m;[39m

[31m[2m⎯⎯⎯⎯⎯⎯⎯⎯⎯⎯⎯⎯⎯⎯⎯⎯⎯⎯⎯⎯⎯⎯⎯⎯[3/8]⎯[22m[39m

[41m[1m FAIL [22m[49m src/features/incidents/__tests__/ReportIncident.test.tsx[2m > [22mReportIncident[2m > [22mvalidates empty zone/location
[31m[1mTestingLibraryElementError[22m[39m: Unable to find an element with the text: Please provide a location for the incident.. This could be because the text is broken up by multiple elements. In this case, you can provide a function for your text matcher to make your matcher more flexible.

Ignored nodes: comments, script, style
[36m<body>[39m
  [36m<div>[39m
    [36m<div[39m
      [33mclass[39m=[32m"min-h-screen bg-background text-foreground relative pb-32 overflow-hidden"[39m
    [36m>[39m
      [36m<header[39m
        [33mclass[39m=[32m"px-6 pt-12 pb-4 border-b border-white/5 flex items-center gap-4 relative z-10"[39m
      [36m>[39m
        [36m<button[39m
          [33maria-label[39m=[32m"Go back"[39m
          [33mclass[39m=[32m"p-2 -ml-2 hover:bg-white/10 rounded-full transition-colors"[39m
          [33mtabindex[39m=[32m"0"[39m
        [36m>[39m
          [36m<svg[39m
            [33maria-hidden[39m=[32m"true"[39m
            [33mclass[39m=[32m"lucide lucide-arrow-left w-6 h-6"[39m
            [33mfill[39m=[32m"none"[39m
            [33mheight[39m=[32m"24"[39m
            [33mstroke[39m=[32m"currentColor"[39m
            [33mstroke-linecap[39m=[32m"round"[39m
            [33mstroke-linejoin[39m=[32m"round"[39m
            [33mstroke-width[39m=[32m"2"[39m
            [33mviewBox[39m=[32m"0 0 24 24"[39m
            [33mwidth[39m=[32m"24"[39m
            [33mxmlns[39m=[32m"http://www.w3.org/2000/svg"[39m
          [36m>[39m
            [36m<path[39m
              [33md[39m=[32m"m12 19-7-7 7-7"[39m
            [36m/>[39m
            [36m<path[39m
              [33md[39m=[32m"M19 12H5"[39m
            [36m/>[39m
          [36m</svg>[39m
        [36m</button>[39m
        [36m<div>[39m
          [36m<h1[39m
            [33mclass[39m=[32m"text-xl font-medium tracking-tight"[39m
          [36m>[39m
            [0mReport Incident[0m
          [36m</h1>[39m
          [36m<p[39m
            [33mclass[39m=[32m"text-xs text-white/50"[39m
          [36m>[39m
            [0mNotify operations immediately[0m
          [36m</p>[39m
        [36m</div>[39m
      [36m</header>[39m
      [36m<div[39m
        [33mclass[39m=[32m"p-6 relative z-10"[39m
        [33mstyle[39m=[32m"opacity: 1;"[39m
      [36m>[39m
        [36m<div[39m
          [33mclass[39m=[32m"bg-white/5 border border-white/10 rounded-2xl p-4 mb-8 flex gap-4 items-start text-white"[39m
          [33mstyle[39m=[32m"opacity: 1; transform: none;"[39m
        [36m>[39m
          [36m<svg[39m
            [33maria-hidden[39m=[32m"true"[39m
            [33mclass[39m=[32m"lucide lucide-triangle-alert w-5 h-5 shrink-0 text-white/70 mt-0.5"[39m
            [33mfill[39m=[32m"none"[39m
            [33mheight[39m=[32m"24"[39m
            [33mstroke[39m=[32m"currentColor"[39m
            [33mstroke-linecap[39m=[32m"round"[39m
            [33mstroke-linejoin[39m=[32m"round"[39m
            [33mstroke-width[39m=[32m"2"[39m
            [33mviewBox[39m=[32m"0 0 24 24"[39m
            [33mwidth[39m=[32m"24"[39m
            [33mxmlns[39m=[32m"http://www.w3.org/2000/svg"[39m
          [36m>[39m
            [36m<path[39m
              [33md[39m=[32m"m21.73 18-8-14a2 2 0 0 0-3.48 0l-8 14A2 2 0 0 0 4 21h16a2 2 0 0 0 1.73-3"[39m
            [36m/>[39m
            [36m<path[39m
              [33md[39m=[32m"M12 9v4"[39m
            [36m/>[39m
            [36m<path[39m
              [33md[39m=[32m"M12 17h.01"[39m
            [36m/>[39m
          [36m</svg>[39m
          [36m<p[39m
            [33mclass[39m=[32m"text-sm font-medium leading-relaxed"[39m
          [36m>[39m
            [0mFor immediate life-threatening emergencies, please call local emergency services directly.[0m
          [36m</p>[39m
        [36m</div>[39m
        [36m<form[39m
          [33mclass[39m=[32m"space-y-8"[39m
        [36m>[39m
          [36m<div[39m
            [33mclass[39m=[32m"space-y-3"[39m
            [33mstyle[39m=[32m"opacity: 1; transform: none;"[39m
          [36m>[39m
            [36m<label[39m
              [33mclass[39m=[32m"text-sm font-medium text-white/70 tracking-tight"[39m
            [36m>[39m
              [0mType of Incident[0m
            [36m</label>[39m
            [36m<div[39m
              [33mclass[39m=[32m"grid grid-cols-2 gap-3"[39m
            [36m>[39m
              [36m<div[39m
                [33mclass[39m=[32m"relative p-3.5 rounded-2xl border cursor-pointer text-center transition-all duration-300 overflow-hidden font-medium text-sm tracking-tight border-white/50 text-white bg-white/5"[39m
                [33mrole[39m=[32m"button"[39m
                [33mtabindex[39m=[32m"0"[39m
              [36m>[39m
                [36m<div[39m
                  [33mclass[39m=[32m"absolute inset-0 bg-white/10"[39m
                  [33mstyle[39m=[32m"opacity: 1;"[39m
                [36m/>[39m
                [36m<span[39m
                  [33mclass[39m=[32m"relative z-10"[39m
                [36m>[39m
                  [0mMedical[0m
                [36m</span>[39m
              [36m</div>[39m
              [36m<div[39m
                [33mclass[39m=[32m"relative p-3.5 rounded-2xl border cursor-pointer text-center transition-all duration-300 overflow-hidden font-medium text-sm tracking-tight border-white/5 hover:border-white/20 text-white/70"[39m
                [33mrole[39m=[32m"button"[39m
                [33mtabindex[39m=[32m"0"[39m
              [36m>[39m
                [36m<span[39m
                  [33mclass[39m=[32m"relative z-10"[39m
                [36m>[39m
                  [0mSecurity[0m
                [36m</span>[39m
              [36m</div>[39m
              [36m<div[39m
                [33mclass[39m=[32m"relative p-3.5 rounded-2xl border cursor-pointer text-center transition-all duration-300 overflow-hidden font-medium text-sm tracking-tight border-white/5 hover:border-white/20 text-white/70"[39m
                [33mrole[39m=[32m"button"[39m
                [33mtabindex[39m=[32m"0"[39m
              [36m>[39m
                [36m<span[39m
                  [33mclass[39m=[32m"relative z-10"[39m
                [36m>[39m
                  [0mLost Person[0m
                [36m</span>[39m
              [36m</div>[39m
              [36m<div[39m
                [33mclass[39m=[32m"relative p-3.5 rounded-2xl border cursor-pointer text-center transition-all duration-300 overflow-hidden font-medium text-sm tracking-tight border-white/5 hover:border-white/20 text-white/70"[39m
                [33mrole[39m=[32m"button"[39m
                [33mtabindex[39m=[32m"0"[39m
              [36m>[39m
                [36m<span[39m
                  [33mclass[39m=[32m"relative z-10"[39m
                [36m>[39m
                  [0mAccessibility[0m
                [36m</span>[39m
              [36m</div>[39m
              [36m<div[39m
                [33mclass[39m=[32m"relative p-3.5 rounded-2xl border cursor-pointer text-center transition-all duration-300 overflow-hidden font-medium text-sm tracking-tight border-white/5 hover:border-white/20 text-white/70"[39m
                [33mrole[39m=[32m"button"[39m
                [33mtabindex[39m=[32m"0"[39m
              [36m>[39m
                [36m<span[39m
                  [33mclass[39m=[32m"relative z-10"[39m
                [36m>[39m
                  [0mMaintenance[0m
                [36m</span>[39m
              [36m</div>[39m
              [36m<div[39m
                [33mclass[39m=[32m"relative p-3.5 rounded-2xl border cursor-pointer text-center transition-all duration-300 overflow-hidden font-medium text-sm tracking-tight border-white/5 hover:border-white/20 text-white/70"[39m
                [33mrole[39m=[32m"button"[39m
                [33mtabindex[39m=[32m"0"[39m
              [36m>[39m
                [36m<span[39m
                  [33mclass[39m=[32m"relative z-10"[39m
                [36m>[39m
                  [0mCrowd/Queue[0m
                [36m</span>[39m
              [36m</div>[39m
              [36m<div[39m
                [33mclass[39m=[32m"relative p-3.5 rounded-2xl border cursor-pointer text-center transition-all duration-300 overflow-hidden font-medium text-sm tracking-tight border-white/5 hover:border-white/20 text-white/70"[39m
                [33mrole[39m=[32m"button"[39m
                [33mtabindex[39m=[32m"0"[39m
              [36m>[39m
                [36m<span[39m
                  [33mclass[39m=[32m"relative z-10"[39m
                [36m>[39m
                  [0mSuspicious Item[0m
                [36m</span>[39m
              [36m</div>[39m
              [36m<div[39m
                [33mclass[39m=[32m"relative p-3.5 rounded-2xl border cursor-pointer text-center transition-all duration-300 overflow-hidden font-medium text-sm tracking-tight border-white/5 hover:border-white/20 text-white/70"[39m
                [33mrole[39m=[32m"button"[39m
                [33mtabindex[39m=[32m"0"[39m
              [36m>[39m
                [36m<span[39m
                  [33mclass[39m=[32m"relative z-10"[39m
                [36m>[39m
                  [0mOther[0m
                [36m</span>[39m
              [36m</div>[39m
            [36m</div>[39m
          [36m</div>[39m
          [36m<div[39m
            [33mclass[39m=[32m"space-y-3"[39m
            [33mstyle[39m=[32m"opacity: 1; transform: none;"[39m
          [36m>[39m
            [36m<label[39m
              [33mclass[39m=[32m"text-sm font-medium text-white/70 tracking-tight"[39m
              [33mfor[39m=[32m"incident-location"[39m
            [36m>[39m
              [0mLocation[0m
            [36m</label>[39m
            [36m<input[39m
              [33mclass[39m=[32m"flex w-full border border-input bg-transparent py-1 shadow-sm transition-colors file:border-0 file:bg-transparent file:text-sm file:font-medium file:text-foreground placeholder:text-muted-foreground focus-visible:outline-none focus-visible:ring-1 focus-visible:ring-ring disabled:cursor-not-allowed disabled:opacity-50 md:text-sm glass-input h-14 rounded-2xl px-5 text-base"[39m
              [33mid[39m=[32m"incident-location"[39m
              [33mplaceholder[39m=[32m"e.g. Gate C, Section 102"[39m
              [33mrequired[39m=[32m""[39m
              [33mvalue[39m=[32m""[39m
            [36m/>[39m
          [36m</div>[39m
          [36m<div[39m
            [33mclass[39m=[32m"space-y-3"[39m
            [33mstyle[39m=[32m"opacity: 1; transform: none;"[39m
          [36m>[39m
            [36m<label[39m
              [33mclass[39m=[32m"text-sm font-medium text-white/70 tracking-tight"[39m
              [33mfor[39m=[32m"incident-description"[39m
            [36m>[39m
              [0mDescription [0m
              [36m<span[39m
                [33mclass[39m=[32m"text-white/70 font-normal"[39m
              [36m>[39m
                [0m(min. 10 characters)[0m
              [36m</span>[39m
            [36m</label>[39m
            [36m<textarea[39m
              [33mclass[39m=[32m"w-full glass-input rounded-2xl p-5 text-base min-h-[120px] resize-none text-white placeholder:text-white/60"[39m
              [33mid[39m=[32m"incident-description"[39m
              [33mminlength[39m=[32m"10"[39m
              [33mplaceholder[39m=[32m"Please describe what happened in detail..."[39m
              [33mrequired[39m=[32m""[39m
            [36m>[39m
              [0mThis is a long enough description.[0m
            [36m</textarea>[39m
          [36m</div>[39m
          [36m<div[39m
            [33mclass[39m=[32m"space-y-3"[39m
            [33mstyle[39m=[32m"opacity: 1; transform: none;"[39m
          [36m>[39m
            [36m<label[39m
              [33mclass[39m=[32m"text-sm font-medium text-white/70 tracking-tight"[39m
            [36m>[39m
              [0mSeverity[0m
            [36m</label>[39m
            [36m<div[39m
              [33mclass[39m=[32m"grid grid-cols-2 gap-3"[39m
            [36m>[39m
              [36m<button[39m
                [33maria-pressed[39m=[32m"true"[39m
                [33mclass[39m=[32m"p-3.5 rounded-xl border cursor-pointer text-center font-medium text-sm transition-all bg-red-500/20 border-red-500/50 text-red-400"[39m
                [33mtype[39m=[32m"button"[39m
              [36m>[39m
                [0mUrgent[0m
              [36m</button>[39m
              [36m<button[39m
                [33maria-pressed[39m=[32m"false"[39m
                [33mclass[39m=[32m"p-3.5 rounded-xl border cursor-pointer text-center font-medium text-sm transition-all bg-white/5 border-white/5 text-white/50"[39m
                [33mtype[39m=[32m"button"[39m
              [36m>[39m
                [0mNot Urgent[0m
              [36m</button>[39m
            [36m</div>[39m
          [36m</div>[39m
          [36m<div[39m
            [33mclass[39m=[32m"space-y-3"[39m
            [33mstyle[39m=[32m"opacity: 0.9981503123460733; transform: none;"[39m
          [36m>[39m
            [36m<label[39m
              [33mclass[39m=[32m"text-sm font-medium text-white/70 tracking-tight"[39m
            [36m>[39m
              [0mContact Preference (Optional)[0m
            [36m</label>[39m
            [36m<div[39m
              [33mclass[39m=[32m"grid grid-cols-2 gap-3"[39m
            [36m>[39m
              [36m<button[39m
                [33maria-pressed[39m=[32m"true"[39m
                [33mclass[39m=[32m"p-3.5 rounded-xl border cursor-pointer text-center font-medium text-sm transition-all bg-white/10 border-white/50 text-white"[39m
                [33mtype[39m=[32m"button"[39m
              [36m>[39m
                [0mIn-App Only[0m
              [36m</button>[39m
              [36m<button[39m
                [33maria-pressed[39m=[32m"false"[39m
                [33mclass[39m=[32m"p-3.5 rounded-xl border cursor-pointer text-center font-medium text-sm transition-all bg-white/5 border-white/5 text-white/50"[39m
                [33mtype[39m=[32m"button"[39m
              [36m>[39m
                [0mCall Me[0m
              [36m</button>[39m
            [36m</div>[39m
          [36m</div>[39m
          [36m<div[39m
            [33mclass[39m=[32m"pt-4"[39m
            [33mstyle[39m=[32m"opacity: 1; transform: translateY(-0.25285764367601005px);"[39m
          [36m>[39m
            [36m<button[39m
              [33mclass[39m=[32m"w-full relative overflow-hidden bg-white text-black font-semibold py-4 rounded-2xl disabled:opacity-50 hover:bg-white/90 transition-all tracking-tight text-lg"[39m
              [33mtabindex[39m=[32m"0"[39m
              [33mtype[39m=[32m"submit"[39m
            [36m>[39m
              [36m<span[39m
                [33mstyle[39m=[32m"opacity: 1; transform: none;"[39m
              [36m>[39m
                [0mSubmit Report[0m
              [36m</span>[39m
            [36m</button>[39m
          [36m</div>[39m
        [36m</form>[39m
      [36m</div>[39m
    [36m</div>[39m
  [36m</div>[39m
[36m</body>[39m

Ignored nodes: comments, script, style
[36m<html>[39m
  [36m<head />[39m
  [36m<body>[39m
    [36m<div>[39m
      [36m<div[39m
        [33mclass[39m=[32m"min-h-screen bg-background text-foreground relative pb-32 overflow-hidden"[39m
      [36m>[39m
        [36m<header[39m
          [33mclass[39m=[32m"px-6 pt-12 pb-4 border-b border-white/5 flex items-center gap-4 relative z-10"[39m
        [36m>[39m
          [36m<button[39m
            [33maria-label[39m=[32m"Go back"[39m
            [33mclass[39m=[32m"p-2 -ml-2 hover:bg-white/10 rounded-full transition-colors"[39m
            [33mtabindex[39m=[32m"0"[39m
          [36m>[39m
            [36m<svg[39m
              [33maria-hidden[39m=[32m"true"[39m
              [33mclass[39m=[32m"lucide lucide-arrow-left w-6 h-6"[39m
              [33mfill[39m=[32m"none"[39m
              [33mheight[39m=[32m"24"[39m
              [33mstroke[39m=[32m"currentColor"[39m
              [33mstroke-linecap[39m=[32m"round"[39m
              [33mstroke-linejoin[39m=[32m"round"[39m
              [33mstroke-width[39m=[32m"2"[39m
              [33mviewBox[39m=[32m"0 0 24 24"[39m
              [33mwidth[39m=[32m"24"[39m
              [33mxmlns[39m=[32m"http://www.w3.org/2000/svg"[39m
            [36m>[39m
              [36m<path[39m
                [33md[39m=[32m"m12 19-7-7 7-7"[39m
              [36m/>[39m
              [36m<path[39m
                [33md[39m=[32m"M19 12H5"[39m
              [36m/>[39m
            [36m</svg>[39m
          [36m</button>[39m
          [36m<div>[39m
            [36m<h1[39m
              [33mclass[39m=[32m"text-xl font-medium tracking-tight"[39m
            [36m>[39m
              [0mReport Incident[0m
            [36m</h1>[39m
            [36m<p[39m
              [33mclass[39m=[32m"text-xs text-white/50"[39m
            [36m>[39m
              [0mNotify operations immediately[0m
            [36m</p>[39m
          [36m</div>[39m
        [36m</header>[39m
        [36m<div[39m
          [33mclass[39m=[32m"p-6 relative z-10"[39m
          [33mstyle[39m=[32m"opacity: 1;"[39m
        [36m>[39m
          [36m<div[39m
            [33mclass[39m=[32m"bg-white/5 border border-white/10 rounded-2xl p-4 mb-8 flex gap-4 items-start text-white"[39m
            [33mstyle[39m=[32m"opacity: 1; transform: none;"[39m
          [36m>[39m
            [36m<svg[39m
              [33maria-hidden[39m=[32m"true"[39m
              [33mclass[39m=[32m"lucide lucide-triangle-alert w-5 h-5 shrink-0 text-white/70 mt-0.5"[39m
              [33mfill[39m=[32m"none"[39m
              [33mheight[39m=[32m"24"[39m
              [33mstroke[39m=[32m"currentColor"[39m
              [33mstroke-linecap[39m=[32m"round"[39m
              [33mstroke-linejoin[39m=[32m"round"[39m
              [33mstroke-width[39m=[32m"2"[39m
              [33mviewBox[39m=[32m"0 0 24 24"[39m
              [33mwidth[39m=[32m"24"[39m
              [33mxmlns[39m=[32m"http://www.w3.org/2000/svg"[39m
            [36m>[39m
              [36m<path[39m
                [33md[39m=[32m"m21.73 18-8-14a2 2 0 0 0-3.48 0l-8 14A2 2 0 0 0 4 21h16a2 2 0 0 0 1.73-3"[39m
              [36m/>[39m
              [36m<path[39m
                [33md[39m=[32m"M12 9v4"[39m
              [36m/>[39m
              [36m<path[39m
                [33md[39m=[32m"M12 17h.01"[39m
              [36m/>[39m
            [36m</svg>[39m
            [36m<p[39m
              [33mclass[39m=[32m"text-sm font-medium leading-relaxed"[39m
            [36m>[39m
              [0mFor immediate life-threatening emergencies, please call local emergency services directly.[0m
            [36m</p>[39m
          [36m</div>[39m
          [36m<form[39m
            [33mclass[39m=[32m"space-y-8"[39m
          [36m>[39m
            [36m<div[39m
              [33mclass[39m=[32m"space-y-3"[39m
              [33mstyle[39m=[32m"opacity: 1; transform: none;"[39m
            [36m>[39m
              [36m<label[39m
                [33mclass[39m=[32m"text-sm font-medium text-white/70 tracking-tight"[39m
              [36m>[39m
                [0mType of Incident[0m
              [36m</label>[39m
              [36m<div[39m
                [33mclass[39m=[32m"grid grid-cols-2 gap-3"[39m
              [36m>[39m
                [36m<div[39m
                  [33mclass[39m=[32m"relative p-3.5 rounded-2xl border cursor-pointer text-center transition-all duration-300 overflow-hidden font-medium text-sm tracking-tight border-white/50 text-white bg-white/5"[39m
                  [33mrole[39m=[32m"button"[39m
                  [33mtabindex[39m=[32m"0"[39m
                [36m>[39m
                  [36m<div[39m
                    [33mclass[39m=[32m"absolute inset-0 bg-white/10"[39m
                    [33mstyle[39m=[32m"opacity: 1;"[39m
                  [36m/>[39m
                  [36m<span[39m
                    [33mclass[39m=[32m"relative z-10"[39m
                  [36m>[39m
                    [0mMedical[0m
                  [36m</span>[39m
                [36m</div>[39m
                [36m<div[39m
                  [33mclass[39m=[32m"relative p-3.5 rounded-2xl border cursor-pointer text-center transition-all duration-300 overflow-hidden font-medium text-sm tracking-tight border-white/5 hover:border-white/20 text-white/70"[39m
                  [33mrole[39m=[32m"button"[39m
                  [33mtabindex[39m=[32m"0"[39m
                [36m>[39m
                  [36m<span[39m
                    [33mclass[39m=[32m"relative z-10"[39m
                  [36m>[39m
                    [0mSecurity[0m
                  [36m</span>[39m
                [36m</div>[39m
                [36m<div[39m
                  [33mclass[39m=[32m"relative p-3.5 rounded-2xl border cursor-pointer text-center transition-all duration-300 overflow-hidden font-medium text-sm tracking-tight border-white/5 hover:border-white/20 text-white/70"[39m
                  [33mrole[39m=[32m"button"[39m
                  [33mtabindex[39m=[32m"0"[39m
                [36m>[39m
                  [36m<span[39m
                    [33mclass[39m=[32m"relative z-10"[39m
                  [36m>[39m
                    [0mLost Person[0m
                  [36m</span>[39m
                [36m</div>[39m
                [36m<div[39m
                  [33mclass[39m=[32m"relative p-3.5 rounded-2xl border cursor-pointer text-center transition-all duration-300 overflow-hidden font-medium text-sm tracking-tight border-white/5 hover:border-white/20 text-white/70"[39m
                  [33mrole[39m=[32m"button"[39m
                  [33mtabindex[39m=[32m"0"[39m
                [36m>[39m
                  [36m<span[39m
                    [33mclass[39m=[32m"relative z-10"[39m
                  [36m>[39m
                    [0mAccessibility[0m
                  [36m</span>[39m
                [36m</div>[39m
                [36m<div[39m
                  [33mclass[39m=[32m"relative p-3.5 rounded-2xl border cursor-pointer text-center transition-all duration-300 overflow-hidden font-medium text-sm tracking-tight border-white/5 hover:border-white/20 text-white/70"[39m
                  [33mrole[39m=[32m"button"[39m
                  [33mtabindex[39m=[32m"0"[39m
                [36m>[39m
                  [36m<span[39m
                    [33mclass[39m=[32m"relative z-10"[39m
                  [36m>[39m
                    [0mMaintenance[0m
                  [36m</span>[39m
                [36m</div>[39m
                [36m<div[39m
                  [33mclass[39m=[32m"relative p-3.5 rounded-2xl border cursor-pointer text-center transition-all duration-300 overflow-hidden font-medium text-sm tracking-tight border-white/5 hover:border-white/20 text-white/70"[39m
                  [33mrole[39m=[32m"button"[39m
                  [33mtabindex[39m=[32m"0"[39m
                [36m>[39m
                  [36m<span[39m
                    [33mclass[39m=[32m"relative z-10"[39m
                  [36m>[39m
                    [0mCrowd/Queue[0m
                  [36m</span>[39m
                [36m</div>[39m
                [36m<div[39m
                  [33mclass[39m=[32m"relative p-3.5 rounded-2xl border cursor-pointer text-center transition-all duration-300 overflow-hidden font-medium text-sm tracking-tight border-white/5 hover:border-white/20 text-white/70"[39m
                  [33mrole[39m=[32m"button"[39m
                  [33mtabindex[39m=[32m"0"[39m
                [36m>[39m
                  [36m<span[39m
                    [33mclass[39m=[32m"relative z-10"[39m
                  [36m>[39m
                    [0mSuspicious Item[0m
                  [36m</span>[39m
                [36m</div>[39m
                [36m<div[39m
                  [33mclass[39m=[32m"relative p-3.5 rounded-2xl border cursor-pointer text-center transition-all duration-300 overflow-hidden font-medium text-sm tracking-tight border-white/5 hover:border-white/20 text-white/70"[39m
                  [33mrole[39m=[32m"button"[39m
                  [33mtabindex[39m=[32m"0"[39m
                [36m>[39m
                  [36m<span[39m
                    [33mclass[39m=[32m"relative z-10"[39m
                  [36m>[39m
                    [0mOther[0m
                  [36m</span>[39m
                [36m</div>[39m
              [36m</div>[39m
            [36m</div>[39m
            [36m<div[39m
              [33mclass[39m=[32m"space-y-3"[39m
              [33mstyle[39m=[32m"opacity: 1; transform: none;"[39m
            [36m>[39m
              [36m<label[39m
                [33mclass[39m=[32m"text-sm font-medium text-white/70 tracking-tight"[39m
                [33mfor[39m=[32m"incident-location"[39m
              [36m>[39m
                [0mLocation[0m
              [36m</label>[39m
              [36m<input[39m
                [33mclass[39m=[32m"flex w-full border border-input bg-transparent py-1 shadow-sm transition-colors file:border-0 file:bg-transparent file:text-sm file:font-medium file:text-foreground placeholder:text-muted-foreground focus-visible:outline-none focus-visible:ring-1 focus-visible:ring-ring disabled:cursor-not-allowed disabled:opacity-50 md:text-sm glass-input h-14 rounded-2xl px-5 text-base"[39m
                [33mid[39m=[32m"incident-location"[39m
                [33mplaceholder[39m=[32m"e.g. Gate C, Section 102"[39m
                [33mrequired[39m=[32m""[39m
                [33mvalue[39m=[32m""[39m
              [36m/>[39m
            [36m</div>[39m
            [36m<div[39m
              [33mclass[39m=[32m"space-y-3"[39m
              [33mstyle[39m=[32m"opacity: 1; transform: none;"[39m
            [36m>[39m
              [36m<label[39m
                [33mclass[39m=[32m"text-sm font-medium text-white/70 tracking-tight"[39m
                [33mfor[39m=[32m"incident-description"[39m
              [36m>[39m
                [0mDescription [0m
                [36m<span[39m
                  [33mclass[39m=[32m"text-white/70 font-normal"[39m
                [36m>[39m
                  [0m(min. 10 characters)[0m
                [36m</span>[39m
              [36m</label>[39m
              [36m<textarea[39m
                [33mclass[39m=[32m"w-full glass-input rounded-2xl p-5 text-base min-h-[120px] resize-none text-white placeholder:text-white/60"[39m
                [33mid[39m=[32m"incident-description"[39m
                [33mminlength[39m=[32m"10"[39m
                [33mplaceholder[39m=[32m"Please describe what happened in detail..."[39m
                [33mrequired[39m=[32m""[39m
              [36m>[39m
                [0mThis is a long enough description.[0m
              [36m</textarea>[39m
            [36m</div>[39m
            [36m<div[39m
              [33mclass[39m=[32m"space-y-3"[39m
              [33mstyle[39m=[32m"opacity: 1; transform: none;"[39m
            [36m>[39m
              [36m<label[39m
                [33mclass[39m=[32m"text-sm font-medium text-white/70 tracking-tight"[39m
              [36m>[39m
                [0mSeverity[0m
              [36m</label>[39m
              [36m<div[39m
                [33mclass[39m=[32m"grid grid-cols-2 gap-3"[39m
              [36m>[39m
                [36m<button[39m
                  [33maria-pressed[39m=[32m"true"[39m
                  [33mclass[39m=[32m"p-3.5 rounded-xl border cursor-pointer text-center font-medium text-sm transition-all bg-red-500/20 border-red-500/50 text-red-400"[39m
                  [33mtype[39m=[32m"button"[39m
                [36m>[39m
                  [0mUrgent[0m
                [36m</button>[39m
                [36m<button[39m
                  [33maria-pressed[39m=[32m"false"[39m
                  [33mclass[39m=[32m"p-3.5 rounded-xl border cursor-pointer text-center font-medium text-sm transition-all bg-white/5 border-white/5 text-white/50"[39m
                  [33mtype[39m=[32m"button"[39m
                [36m>[39m
                  [0mNot Urgent[0m
                [36m</button>[39m
              [36m</div>[39m
            [36m</div>[39m
            [36m<div[39m
              [33mclass[39m=[32m"space-y-3"[39m
              [33mstyle[39m=[32m"opacity: 0.9981503123460733; transform: none;"[39m
            [36m>[39m
              [36m<label[39m
                [33mclass[39m=[32m"text-sm font-medium text-white/70 tracking-tight"[39m
              [36m>[39m
                [0mContact Preference (Optional)[0m
              [36m</label>[39m
              [36m<div[39m
                [33mclass[39m=[32m"grid grid-cols-2 gap-3"[39m
              [36m>[39m
                [36m<button[39m
                  [33maria-pressed[39m=[32m"true"[39m
                  [33mclass[39m=[32m"p-3.5 rounded-xl border cursor-pointer text-center font-medium text-sm transition-all bg-white/10 border-white/50 text-white"[39m
                  [33mtype[39m=[32m"button"[39m
                [36m>[39m
                  [0mIn-App Only[0m
                [36m</button>[39m
                [36m<button[39m
                  [33maria-pressed[39m=[32m"false"[39m
                  [33mclass[39m=[32m"p-3.5 rounded-xl border cursor-pointer text-center font-medium text-sm transition-all bg-white/5 border-white/5 text-white/50"[39m
                  [33mtype[39m=[32m"button"[39m
                [36m>[39m
                  [0mCall Me[0m
                [36m</button>[39m
              [36m</div>[39m
            [36m</div>[39m
            [36m<div[39m
              [33mclass[39m=[32m"pt-4"[39m
              [33mstyle[39m=[32m"opacity: 1; transform: translateY(-0.25285764367601005px);"[39m
            [36m>[39m
              [36m<button[39m
                [33mclass[39m=[32m"w-full relative overflow-hidden bg-white text-black font-semibold py-4 rounded-2xl disabled:opacity-50 hover:bg-white/90 transition-all tracking-tight text-lg"[39m
                [33mtabindex[39m=[32m"0"[39m
                [33mtype[39m=[32m"submit"[39m
              [36m>[39m
                [36m<span[39m
                  [33mstyle[39m=[32m"opacity: 1; transform: none;"[39m
                [36m>[39m
                  [0mSubmit Report[0m
                [36m</span>[39m
              [36m</button>[39m
            [36m</div>[39m
          [36m</form>[39m
        [36m</div>[39m
      [36m</div>[39m
    [36m</div>[39m
  [36m</body>[39m
[36m</html>[39m
[90m [2m❯[22m Proxy.waitForWrapper node_modules/@testing-library/dom/dist/wait-for.js:[2m163:27[22m[39m
[36m [2m❯[22m src/features/incidents/__tests__/ReportIncident.test.tsx:[2m82:11[22m[39m
    [90m 80|[39m     fireEvent.click(screen.getByRole('button', { name: /Submit Report/…
    [90m 81|[39m
    [90m 82|[39m     [35mawait[39m [34mwaitFor[39m(() [33m=>[39m {
    [90m   |[39m           [31m^[39m
    [90m 83|[39m       expect(screen.getByText('Please provide a location for the incid…
    [90m 84|[39m       [34mexpect[39m(mockReportIncident)[33m.[39mnot[33m.[39m[34mtoHaveBeenCalled[39m()[33m;[39m

[31m[2m⎯⎯⎯⎯⎯⎯⎯⎯⎯⎯⎯⎯⎯⎯⎯⎯⎯⎯⎯⎯⎯⎯⎯⎯[4/8]⎯[22m[39m

[41m[1m FAIL [22m[49m src/app/fan/__tests__/TicketSetup.test.tsx[2m > [22mTicketSetupView[2m > [22mhandles dependency flow: stadium -> section -> row -> seat
[31m[1mTestingLibraryElementError[22m[39m: Unable to find an element with the text: Enter Seat Details. This could be because the text is broken up by multiple elements. In this case, you can provide a function for your text matcher to make your matcher more flexible.

Ignored nodes: comments, script, style
[36m<body>[39m
  [36m<div>[39m
    [36m<div[39m
      [33mclass[39m=[32m"min-h-screen bg-[#0a0a0a] text-white flex flex-col font-sans relative overflow-x-hidden"[39m
    [36m>[39m
      [36m<div[39m
        [33mclass[39m=[32m"absolute top-[-20%] left-[-10%] w-[600px] h-[600px] bg-white/[0.03] rounded-full blur-[120px] pointer-events-none"[39m
      [36m/>[39m
      [36m<header[39m
        [33mclass[39m=[32m"px-6 pt-12 pb-6 relative z-10 flex flex-col items-center text-center"[39m
      [36m>[39m
        [36m<div[39m
          [33mclass[39m=[32m"w-12 h-12 bg-white/5 rounded-2xl border border-white/10 flex items-center justify-center mb-4"[39m
        [36m>[39m
          [36m<svg[39m
            [33maria-hidden[39m=[32m"true"[39m
            [33mclass[39m=[32m"lucide lucide-ticket w-6 h-6 text-white/80"[39m
            [33mfill[39m=[32m"none"[39m
            [33mheight[39m=[32m"24"[39m
            [33mstroke[39m=[32m"currentColor"[39m
            [33mstroke-linecap[39m=[32m"round"[39m
            [33mstroke-linejoin[39m=[32m"round"[39m
            [33mstroke-width[39m=[32m"2"[39m
            [33mviewBox[39m=[32m"0 0 24 24"[39m
            [33mwidth[39m=[32m"24"[39m
            [33mxmlns[39m=[32m"http://www.w3.org/2000/svg"[39m
          [36m>[39m
            [36m<path[39m
              [33md[39m=[32m"M2 9a3 3 0 0 1 0 6v2a2 2 0 0 0 2 2h16a2 2 0 0 0 2-2v-2a3 3 0 0 1 0-6V7a2 2 0 0 0-2-2H4a2 2 0 0 0-2 2Z"[39m
            [36m/>[39m
            [36m<path[39m
              [33md[39m=[32m"M13 5v2"[39m
            [36m/>[39m
            [36m<path[39m
              [33md[39m=[32m"M13 17v2"[39m
            [36m/>[39m
            [36m<path[39m
              [33md[39m=[32m"M13 11v2"[39m
            [36m/>[39m
          [36m</svg>[39m
        [36m</div>[39m
        [36m<h1[39m
          [33mclass[39m=[32m"text-2xl font-bold tracking-tight mb-1"[39m
        [36m>[39m
          [0mMatchday Setup[0m
        [36m</h1>[39m
        [36m<p[39m
          [33mclass[39m=[32m"text-[13px] text-white/50 font-medium"[39m
        [36m>[39m
          [0mConfigure your active ticket to enter the Fan App.[0m
        [36m</p>[39m
      [36m</header>[39m
      [36m<main[39m
        [33mclass[39m=[32m"flex-1 px-6 pb-20 relative z-10 max-w-lg mx-auto w-full"[39m
      [36m>[39m
        [36m<div[39m
          [33mclass[39m=[32m"flex items-center justify-between mb-8 px-8 relative"[39m
        [36m>[39m
          [36m<div[39m
            [33mclass[39m=[32m"absolute top-1/2 left-8 right-8 h-[1px] bg-white/10 -translate-y-1/2 -z-10"[39m
          [36m/>[39m
          [36m<div[39m
            [33mclass[39m=[32m"w-8 h-8 rounded-full flex items-center justify-center text-[12px] font-bold border transition-colors bg-[#0a0a0a] text-white border-white"[39m
          [36m>[39m
            [0m1[0m
          [36m</div>[39m
          [36m<div[39m
            [33mclass[39m=[32m"w-8 h-8 rounded-full flex items-center justify-center text-[12px] font-bold border transition-colors bg-[#0a0a0a] text-white border-white"[39m
          [36m>[39m
            [0m2[0m
          [36m</div>[39m
        [36m</div>[39m
        [36m<div[39m
          [33mstyle[39m=[32m"opacity: 0; transform: translateX(-20px);"[39m
        [36m>[39m
          [36m<h2[39m
            [33mclass[39m=[32m"text-[11px] font-bold text-white/70 uppercase tracking-widest mb-4"[39m
          [36m>[39m
            [0mSelect Stadium[0m
          [36m</h2>[39m
          [36m<div[39m
            [33mclass[39m=[32m"grid gap-3"[39m
          [36m>[39m
            [36m<button[39m
              [33mclass[39m=[32m"w-full text-left p-4 rounded-2xl border transition-all flex items-center justify-between group bg-white/[0.02] border-white/10 hover:bg-white/[0.04]"[39m
            [36m>[39m
              [36m<div>[39m
                [36m<p[39m
                  [33mclass[39m=[32m"font-bold text-[15px] tracking-tight"[39m
                [36m>[39m
                  [0mWembley Stadium[0m
                [36m</p>[39m
              [36m</div>[39m
              [36m<svg[39m
                [33maria-hidden[39m=[32m"true"[39m
                [33mclass[39m=[32m"lucide lucide-chevron-right w-5 h-5 text-white/60 group-hover:text-white/60 transition-colors"[39m
                [33mfill[39m=[32m"none"[39m
                [33mheight[39m=[32m"24"[39m
                [33mstroke[39m=[32m"currentColor"[39m
                [33mstroke-linecap[39m=[32m"round"[39m
                [33mstroke-linejoin[39m=[32m"round"[39m
                [33mstroke-width[39m=[32m"2"[39m
                [33mviewBox[39m=[32m"0 0 24 24"[39m
                [33mwidth[39m=[32m"24"[39m
                [33mxmlns[39m=[32m"http://www.w3.org/2000/svg"[39m
              [36m>[39m
                [36m<path[39m
                  [33md[39m=[32m"m9 18 6-6-6-6"[39m
                [36m/>[39m
              [36m</svg>[39m
            [36m</button>[39m
            [36m<button[39m
              [33mclass[39m=[32m"w-full text-left p-4 rounded-2xl border transition-all flex items-center justify-between group bg-white/[0.02] border-white/10 hover:bg-white/[0.04]"[39m
            [36m>[39m
              [36m<div>[39m
                [36m<p[39m
                  [33mclass[39m=[32m"font-bold text-[15px] tracking-tight"[39m
                [36m>[39m
                  [0mCamp Nou[0m
                [36m</p>[39m
              [36m</div>[39m
              [36m<svg[39m
                [33maria-hidden[39m=[32m"true"[39m
                [33mclass[39m=[32m"lucide lucide-chevron-right w-5 h-5 text-white/60 group-hover:text-white/60 transition-colors"[39m
                [33mfill[39m=[32m"none"[39m
                [33mheight[39m=[32m"24"[39m
                [33mstroke[39m=[32m"currentColor"[39m
                [33mstroke-linecap[39m=[32m"round"[39m
                [33mstroke-linejoin[39m=[32m"round"[39m
                [33mstroke-width[39m=[32m"2"[39m
                [33mviewBox[39m=[32m"0 0 24 24"[39m
                [33mwidth[39m=[32m"24"[39m
                [33mxmlns[39m=[32m"http://www.w3.org/2000/svg"[39m
              [36m>[39m
                [36m<path[39m
                  [33md[39m=[32m"m9 18 6-6-6-6"[39m
                [36m/>[39m
              [36m</svg>[39m
            [36m</button>[39m
            [36m<button[39m
              [33mclass[39m=[32m"w-full text-left p-4 rounded-2xl border transition-all flex items-center justify-between group bg-white/[0.02] border-white/10 hover:bg-white/[0.04]"[39m
            [36m>[39m
              [36m<div>[39m
                [36m<p[39m
                  [33mclass[39m=[32m"font-bold text-[15px] tracki...
[90m [2m❯[22m Object.getElementError node_modules/@testing-library/dom/dist/config.js:[2m37:19[22m[39m
[90m [2m❯[22m node_modules/@testing-library/dom/dist/query-helpers.js:[2m76:38[22m[39m
[90m [2m❯[22m node_modules/@testing-library/dom/dist/query-helpers.js:[2m52:17[22m[39m
[90m [2m❯[22m node_modules/@testing-library/dom/dist/query-helpers.js:[2m95:19[22m[39m
[36m [2m❯[22m src/app/fan/__tests__/TicketSetup.test.tsx:[2m85:19[22m[39m
    [90m 83|[39m
    [90m 84|[39m     [90m// Step 2 should be active[39m
    [90m 85|[39m     [34mexpect[39m(screen[33m.[39m[34mgetByText[39m([32m'Enter Seat Details'[39m))[33m.[39m[34mtoBeInTheDocument[39m()[33m;[39m
    [90m   |[39m                   [31m^[39m
    [90m 86|[39m     [34mexpect[39m(screen[33m.[39m[34mgetByText[39m([32m'Wembley Stadium'[39m))[33m.[39m[34mtoBeInTheDocument[39m()[33m;[39m
    [90m 87|[39m

[31m[2m⎯⎯⎯⎯⎯⎯⎯⎯⎯⎯⎯⎯⎯⎯⎯⎯⎯⎯⎯⎯⎯⎯⎯⎯[5/8]⎯[22m[39m

[41m[1m FAIL [22m[49m src/app/fan/__tests__/TicketSetup.test.tsx[2m > [22mTicketSetupView[2m > [22mshows error on invalid combination (validation failure)
[31m[1mTestingLibraryElementError[22m[39m: Unable to find a label with the text of: /Section/i

Ignored nodes: comments, script, style
[36m<body>[39m
  [36m<div>[39m
    [36m<div[39m
      [33mclass[39m=[32m"min-h-screen bg-[#0a0a0a] text-white flex flex-col font-sans relative overflow-x-hidden"[39m
    [36m>[39m
      [36m<div[39m
        [33mclass[39m=[32m"absolute top-[-20%] left-[-10%] w-[600px] h-[600px] bg-white/[0.03] rounded-full blur-[120px] pointer-events-none"[39m
      [36m/>[39m
      [36m<header[39m
        [33mclass[39m=[32m"px-6 pt-12 pb-6 relative z-10 flex flex-col items-center text-center"[39m
      [36m>[39m
        [36m<div[39m
          [33mclass[39m=[32m"w-12 h-12 bg-white/5 rounded-2xl border border-white/10 flex items-center justify-center mb-4"[39m
        [36m>[39m
          [36m<svg[39m
            [33maria-hidden[39m=[32m"true"[39m
            [33mclass[39m=[32m"lucide lucide-ticket w-6 h-6 text-white/80"[39m
            [33mfill[39m=[32m"none"[39m
            [33mheight[39m=[32m"24"[39m
            [33mstroke[39m=[32m"currentColor"[39m
            [33mstroke-linecap[39m=[32m"round"[39m
            [33mstroke-linejoin[39m=[32m"round"[39m
            [33mstroke-width[39m=[32m"2"[39m
            [33mviewBox[39m=[32m"0 0 24 24"[39m
            [33mwidth[39m=[32m"24"[39m
            [33mxmlns[39m=[32m"http://www.w3.org/2000/svg"[39m
          [36m>[39m
            [36m<path[39m
              [33md[39m=[32m"M2 9a3 3 0 0 1 0 6v2a2 2 0 0 0 2 2h16a2 2 0 0 0 2-2v-2a3 3 0 0 1 0-6V7a2 2 0 0 0-2-2H4a2 2 0 0 0-2 2Z"[39m
            [36m/>[39m
            [36m<path[39m
              [33md[39m=[32m"M13 5v2"[39m
            [36m/>[39m
            [36m<path[39m
              [33md[39m=[32m"M13 17v2"[39m
            [36m/>[39m
            [36m<path[39m
              [33md[39m=[32m"M13 11v2"[39m
            [36m/>[39m
          [36m</svg>[39m
        [36m</div>[39m
        [36m<h1[39m
          [33mclass[39m=[32m"text-2xl font-bold tracking-tight mb-1"[39m
        [36m>[39m
          [0mMatchday Setup[0m
        [36m</h1>[39m
        [36m<p[39m
          [33mclass[39m=[32m"text-[13px] text-white/50 font-medium"[39m
        [36m>[39m
          [0mConfigure your active ticket to enter the Fan App.[0m
        [36m</p>[39m
      [36m</header>[39m
      [36m<main[39m
        [33mclass[39m=[32m"flex-1 px-6 pb-20 relative z-10 max-w-lg mx-auto w-full"[39m
      [36m>[39m
        [36m<div[39m
          [33mclass[39m=[32m"flex items-center justify-between mb-8 px-8 relative"[39m
        [36m>[39m
          [36m<div[39m
            [33mclass[39m=[32m"absolute top-1/2 left-8 right-8 h-[1px] bg-white/10 -translate-y-1/2 -z-10"[39m
          [36m/>[39m
          [36m<div[39m
            [33mclass[39m=[32m"w-8 h-8 rounded-full flex items-center justify-center text-[12px] font-bold border transition-colors bg-[#0a0a0a] text-white border-white"[39m
          [36m>[39m
            [0m1[0m
          [36m</div>[39m
          [36m<div[39m
            [33mclass[39m=[32m"w-8 h-8 rounded-full flex items-center justify-center text-[12px] font-bold border transition-colors bg-[#0a0a0a] text-white border-white"[39m
          [36m>[39m
            [0m2[0m
          [36m</div>[39m
        [36m</div>[39m
        [36m<div[39m
          [33mstyle[39m=[32m"opacity: 0; transform: translateX(-20px);"[39m
        [36m>[39m
          [36m<h2[39m
            [33mclass[39m=[32m"text-[11px] font-bold text-white/70 uppercase tracking-widest mb-4"[39m
          [36m>[39m
            [0mSelect Stadium[0m
          [36m</h2>[39m
          [36m<div[39m
            [33mclass[39m=[32m"grid gap-3"[39m
          [36m>[39m
            [36m<button[39m
              [33mclass[39m=[32m"w-full text-left p-4 rounded-2xl border transition-all flex items-center justify-between group bg-white/[0.02] border-white/10 hover:bg-white/[0.04]"[39m
            [36m>[39m
              [36m<div>[39m
                [36m<p[39m
                  [33mclass[39m=[32m"font-bold text-[15px] tracking-tight"[39m
                [36m>[39m
                  [0mWembley Stadium[0m
                [36m</p>[39m
              [36m</div>[39m
              [36m<svg[39m
                [33maria-hidden[39m=[32m"true"[39m
                [33mclass[39m=[32m"lucide lucide-chevron-right w-5 h-5 text-white/60 group-hover:text-white/60 transition-colors"[39m
                [33mfill[39m=[32m"none"[39m
                [33mheight[39m=[32m"24"[39m
                [33mstroke[39m=[32m"currentColor"[39m
                [33mstroke-linecap[39m=[32m"round"[39m
                [33mstroke-linejoin[39m=[32m"round"[39m
                [33mstroke-width[39m=[32m"2"[39m
                [33mviewBox[39m=[32m"0 0 24 24"[39m
                [33mwidth[39m=[32m"24"[39m
                [33mxmlns[39m=[32m"http://www.w3.org/2000/svg"[39m
              [36m>[39m
                [36m<path[39m
                  [33md[39m=[32m"m9 18 6-6-6-6"[39m
                [36m/>[39m
              [36m</svg>[39m
            [36m</button>[39m
            [36m<button[39m
              [33mclass[39m=[32m"w-full text-left p-4 rounded-2xl border transition-all flex items-center justify-between group bg-white/[0.02] border-white/10 hover:bg-white/[0.04]"[39m
            [36m>[39m
              [36m<div>[39m
                [36m<p[39m
                  [33mclass[39m=[32m"font-bold text-[15px] tracking-tight"[39m
                [36m>[39m
                  [0mCamp Nou[0m
                [36m</p>[39m
              [36m</div>[39m
              [36m<svg[39m
                [33maria-hidden[39m=[32m"true"[39m
                [33mclass[39m=[32m"lucide lucide-chevron-right w-5 h-5 text-white/60 group-hover:text-white/60 transition-colors"[39m
                [33mfill[39m=[32m"none"[39m
                [33mheight[39m=[32m"24"[39m
                [33mstroke[39m=[32m"currentColor"[39m
                [33mstroke-linecap[39m=[32m"round"[39m
                [33mstroke-linejoin[39m=[32m"round"[39m
                [33mstroke-width[39m=[32m"2"[39m
                [33mviewBox[39m=[32m"0 0 24 24"[39m
                [33mwidth[39m=[32m"24"[39m
                [33mxmlns[39m=[32m"http://www.w3.org/2000/svg"[39m
              [36m>[39m
                [36m<path[39m
                  [33md[39m=[32m"m9 18 6-6-6-6"[39m
                [36m/>[39m
              [36m</svg>[39m
            [36m</button>[39m
            [36m<button[39m
              [33mclass[39m=[32m"w-full text-left p-4 rounded-2xl border transition-all flex items-center justify-between group bg-white/[0.02] border-white/10 hover:bg-white/[0.04]"[39m
            [36m>[39m
              [36m<div>[39m
                [36m<p[39m
                  [33mclass[39m=[32m"font-bold text-[15px] tracki...
[90m [2m❯[22m Object.getElementError node_modules/@testing-library/dom/dist/config.js:[2m37:19[22m[39m
[90m [2m❯[22m getAllByLabelText node_modules/@testing-library/dom/dist/queries/label-text.js:[2m111:38[22m[39m
[90m [2m❯[22m node_modules/@testing-library/dom/dist/query-helpers.js:[2m52:17[22m[39m
[90m [2m❯[22m node_modules/@testing-library/dom/dist/query-helpers.js:[2m95:19[22m[39m
[36m [2m❯[22m src/app/fan/__tests__/TicketSetup.test.tsx:[2m117:29[22m[39m
    [90m115|[39m     })[33m;[39m
    [90m116|[39m
    [90m117|[39m     fireEvent.change(screen.getByLabelText(/Section/i), { target: { va…
    [90m   |[39m                             [31m^[39m
    [90m118|[39m     fireEvent.change(screen.getByLabelText(/Row/i), { target: { value:…
    [90m119|[39m     fireEvent.change(screen.getByLabelText(/Seat/i), { target: { value…

[31m[2m⎯⎯⎯⎯⎯⎯⎯⎯⎯⎯⎯⎯⎯⎯⎯⎯⎯⎯⎯⎯⎯⎯⎯⎯[6/8]⎯[22m[39m

[41m[1m FAIL [22m[49m src/app/fan/__tests__/TicketSetup.test.tsx[2m > [22mTicketSetupView[2m > [22msaves ticket successfully and navigates to dashboard
[31m[1mTestingLibraryElementError[22m[39m: Unable to find a label with the text of: /Section/i

Ignored nodes: comments, script, style
[36m<body>[39m
  [36m<div>[39m
    [36m<div[39m
      [33mclass[39m=[32m"min-h-screen bg-[#0a0a0a] text-white flex flex-col font-sans relative overflow-x-hidden"[39m
    [36m>[39m
      [36m<div[39m
        [33mclass[39m=[32m"absolute top-[-20%] left-[-10%] w-[600px] h-[600px] bg-white/[0.03] rounded-full blur-[120px] pointer-events-none"[39m
      [36m/>[39m
      [36m<header[39m
        [33mclass[39m=[32m"px-6 pt-12 pb-6 relative z-10 flex flex-col items-center text-center"[39m
      [36m>[39m
        [36m<div[39m
          [33mclass[39m=[32m"w-12 h-12 bg-white/5 rounded-2xl border border-white/10 flex items-center justify-center mb-4"[39m
        [36m>[39m
          [36m<svg[39m
            [33maria-hidden[39m=[32m"true"[39m
            [33mclass[39m=[32m"lucide lucide-ticket w-6 h-6 text-white/80"[39m
            [33mfill[39m=[32m"none"[39m
            [33mheight[39m=[32m"24"[39m
            [33mstroke[39m=[32m"currentColor"[39m
            [33mstroke-linecap[39m=[32m"round"[39m
            [33mstroke-linejoin[39m=[32m"round"[39m
            [33mstroke-width[39m=[32m"2"[39m
            [33mviewBox[39m=[32m"0 0 24 24"[39m
            [33mwidth[39m=[32m"24"[39m
            [33mxmlns[39m=[32m"http://www.w3.org/2000/svg"[39m
          [36m>[39m
            [36m<path[39m
              [33md[39m=[32m"M2 9a3 3 0 0 1 0 6v2a2 2 0 0 0 2 2h16a2 2 0 0 0 2-2v-2a3 3 0 0 1 0-6V7a2 2 0 0 0-2-2H4a2 2 0 0 0-2 2Z"[39m
            [36m/>[39m
            [36m<path[39m
              [33md[39m=[32m"M13 5v2"[39m
            [36m/>[39m
            [36m<path[39m
              [33md[39m=[32m"M13 17v2"[39m
            [36m/>[39m
            [36m<path[39m
              [33md[39m=[32m"M13 11v2"[39m
            [36m/>[39m
          [36m</svg>[39m
        [36m</div>[39m
        [36m<h1[39m
          [33mclass[39m=[32m"text-2xl font-bold tracking-tight mb-1"[39m
        [36m>[39m
          [0mMatchday Setup[0m
        [36m</h1>[39m
        [36m<p[39m
          [33mclass[39m=[32m"text-[13px] text-white/50 font-medium"[39m
        [36m>[39m
          [0mConfigure your active ticket to enter the Fan App.[0m
        [36m</p>[39m
      [36m</header>[39m
      [36m<main[39m
        [33mclass[39m=[32m"flex-1 px-6 pb-20 relative z-10 max-w-lg mx-auto w-full"[39m
      [36m>[39m
        [36m<div[39m
          [33mclass[39m=[32m"flex items-center justify-between mb-8 px-8 relative"[39m
        [36m>[39m
          [36m<div[39m
            [33mclass[39m=[32m"absolute top-1/2 left-8 right-8 h-[1px] bg-white/10 -translate-y-1/2 -z-10"[39m
          [36m/>[39m
          [36m<div[39m
            [33mclass[39m=[32m"w-8 h-8 rounded-full flex items-center justify-center text-[12px] font-bold border transition-colors bg-[#0a0a0a] text-white border-white"[39m
          [36m>[39m
            [0m1[0m
          [36m</div>[39m
          [36m<div[39m
            [33mclass[39m=[32m"w-8 h-8 rounded-full flex items-center justify-center text-[12px] font-bold border transition-colors bg-[#0a0a0a] text-white border-white"[39m
          [36m>[39m
            [0m2[0m
          [36m</div>[39m
        [36m</div>[39m
        [36m<div[39m
          [33mstyle[39m=[32m"opacity: 0; transform: translateX(-20px);"[39m
        [36m>[39m
          [36m<h2[39m
            [33mclass[39m=[32m"text-[11px] font-bold text-white/70 uppercase tracking-widest mb-4"[39m
          [36m>[39m
            [0mSelect Stadium[0m
          [36m</h2>[39m
          [36m<div[39m
            [33mclass[39m=[32m"grid gap-3"[39m
          [36m>[39m
            [36m<button[39m
              [33mclass[39m=[32m"w-full text-left p-4 rounded-2xl border transition-all flex items-center justify-between group bg-white/[0.02] border-white/10 hover:bg-white/[0.04]"[39m
            [36m>[39m
              [36m<div>[39m
                [36m<p[39m
                  [33mclass[39m=[32m"font-bold text-[15px] tracking-tight"[39m
                [36m>[39m
                  [0mWembley Stadium[0m
                [36m</p>[39m
              [36m</div>[39m
              [36m<svg[39m
                [33maria-hidden[39m=[32m"true"[39m
                [33mclass[39m=[32m"lucide lucide-chevron-right w-5 h-5 text-white/60 group-hover:text-white/60 transition-colors"[39m
                [33mfill[39m=[32m"none"[39m
                [33mheight[39m=[32m"24"[39m
                [33mstroke[39m=[32m"currentColor"[39m
                [33mstroke-linecap[39m=[32m"round"[39m
                [33mstroke-linejoin[39m=[32m"round"[39m
                [33mstroke-width[39m=[32m"2"[39m
                [33mviewBox[39m=[32m"0 0 24 24"[39m
                [33mwidth[39m=[32m"24"[39m
                [33mxmlns[39m=[32m"http://www.w3.org/2000/svg"[39m
              [36m>[39m
                [36m<path[39m
                  [33md[39m=[32m"m9 18 6-6-6-6"[39m
                [36m/>[39m
              [36m</svg>[39m
            [36m</button>[39m
            [36m<button[39m
              [33mclass[39m=[32m"w-full text-left p-4 rounded-2xl border transition-all flex items-center justify-between group bg-white/[0.02] border-white/10 hover:bg-white/[0.04]"[39m
            [36m>[39m
              [36m<div>[39m
                [36m<p[39m
                  [33mclass[39m=[32m"font-bold text-[15px] tracking-tight"[39m
                [36m>[39m
                  [0mCamp Nou[0m
                [36m</p>[39m
              [36m</div>[39m
              [36m<svg[39m
                [33maria-hidden[39m=[32m"true"[39m
                [33mclass[39m=[32m"lucide lucide-chevron-right w-5 h-5 text-white/60 group-hover:text-white/60 transition-colors"[39m
                [33mfill[39m=[32m"none"[39m
                [33mheight[39m=[32m"24"[39m
                [33mstroke[39m=[32m"currentColor"[39m
                [33mstroke-linecap[39m=[32m"round"[39m
                [33mstroke-linejoin[39m=[32m"round"[39m
                [33mstroke-width[39m=[32m"2"[39m
                [33mviewBox[39m=[32m"0 0 24 24"[39m
                [33mwidth[39m=[32m"24"[39m
                [33mxmlns[39m=[32m"http://www.w3.org/2000/svg"[39m
              [36m>[39m
                [36m<path[39m
                  [33md[39m=[32m"m9 18 6-6-6-6"[39m
                [36m/>[39m
              [36m</svg>[39m
            [36m</button>[39m
            [36m<button[39m
              [33mclass[39m=[32m"w-full text-left p-4 rounded-2xl border transition-all flex items-center justify-between group bg-white/[0.02] border-white/10 hover:bg-white/[0.04]"[39m
            [36m>[39m
              [36m<div>[39m
                [36m<p[39m
                  [33mclass[39m=[32m"font-bold text-[15px] tracki...
[90m [2m❯[22m Object.getElementError node_modules/@testing-library/dom/dist/config.js:[2m37:19[22m[39m
[90m [2m❯[22m getAllByLabelText node_modules/@testing-library/dom/dist/queries/label-text.js:[2m111:38[22m[39m
[90m [2m❯[22m node_modules/@testing-library/dom/dist/query-helpers.js:[2m52:17[22m[39m
[90m [2m❯[22m node_modules/@testing-library/dom/dist/query-helpers.js:[2m95:19[22m[39m
[36m [2m❯[22m src/app/fan/__tests__/TicketSetup.test.tsx:[2m132:29[22m[39m
    [90m130|[39m     fireEvent[33m.[39m[34mclick[39m(screen[33m.[39m[34mgetByText[39m([32m'Wembley Stadium'[39m))[33m;[39m
    [90m131|[39m
    [90m132|[39m     fireEvent.change(screen.getByLabelText(/Section/i), { target: { va…
    [90m   |[39m                             [31m^[39m
    [90m133|[39m     fireEvent.change(screen.getByLabelText(/Row/i), { target: { value:…
    [90m134|[39m     fireEvent.change(screen.getByLabelText(/Seat/i), { target: { value…

[31m[2m⎯⎯⎯⎯⎯⎯⎯⎯⎯⎯⎯⎯⎯⎯⎯⎯⎯⎯⎯⎯⎯⎯⎯⎯[7/8]⎯[22m[39m

[41m[1m FAIL [22m[49m src/app/fan/__tests__/TicketSetup.test.tsx[2m > [22mTicketSetupView[2m > [22mshows error on save failure
[31m[1mTestingLibraryElementError[22m[39m: Unable to find a label with the text of: /Section/i

Ignored nodes: comments, script, style
[36m<body>[39m
  [36m<div>[39m
    [36m<div[39m
      [33mclass[39m=[32m"min-h-screen bg-[#0a0a0a] text-white flex flex-col font-sans relative overflow-x-hidden"[39m
    [36m>[39m
      [36m<div[39m
        [33mclass[39m=[32m"absolute top-[-20%] left-[-10%] w-[600px] h-[600px] bg-white/[0.03] rounded-full blur-[120px] pointer-events-none"[39m
      [36m/>[39m
      [36m<header[39m
        [33mclass[39m=[32m"px-6 pt-12 pb-6 relative z-10 flex flex-col items-center text-center"[39m
      [36m>[39m
        [36m<div[39m
          [33mclass[39m=[32m"w-12 h-12 bg-white/5 rounded-2xl border border-white/10 flex items-center justify-center mb-4"[39m
        [36m>[39m
          [36m<svg[39m
            [33maria-hidden[39m=[32m"true"[39m
            [33mclass[39m=[32m"lucide lucide-ticket w-6 h-6 text-white/80"[39m
            [33mfill[39m=[32m"none"[39m
            [33mheight[39m=[32m"24"[39m
            [33mstroke[39m=[32m"currentColor"[39m
            [33mstroke-linecap[39m=[32m"round"[39m
            [33mstroke-linejoin[39m=[32m"round"[39m
            [33mstroke-width[39m=[32m"2"[39m
            [33mviewBox[39m=[32m"0 0 24 24"[39m
            [33mwidth[39m=[32m"24"[39m
            [33mxmlns[39m=[32m"http://www.w3.org/2000/svg"[39m
          [36m>[39m
            [36m<path[39m
              [33md[39m=[32m"M2 9a3 3 0 0 1 0 6v2a2 2 0 0 0 2 2h16a2 2 0 0 0 2-2v-2a3 3 0 0 1 0-6V7a2 2 0 0 0-2-2H4a2 2 0 0 0-2 2Z"[39m
            [36m/>[39m
            [36m<path[39m
              [33md[39m=[32m"M13 5v2"[39m
            [36m/>[39m
            [36m<path[39m
              [33md[39m=[32m"M13 17v2"[39m
            [36m/>[39m
            [36m<path[39m
              [33md[39m=[32m"M13 11v2"[39m
            [36m/>[39m
          [36m</svg>[39m
        [36m</div>[39m
        [36m<h1[39m
          [33mclass[39m=[32m"text-2xl font-bold tracking-tight mb-1"[39m
        [36m>[39m
          [0mMatchday Setup[0m
        [36m</h1>[39m
        [36m<p[39m
          [33mclass[39m=[32m"text-[13px] text-white/50 font-medium"[39m
        [36m>[39m
          [0mConfigure your active ticket to enter the Fan App.[0m
        [36m</p>[39m
      [36m</header>[39m
      [36m<main[39m
        [33mclass[39m=[32m"flex-1 px-6 pb-20 relative z-10 max-w-lg mx-auto w-full"[39m
      [36m>[39m
        [36m<div[39m
          [33mclass[39m=[32m"flex items-center justify-between mb-8 px-8 relative"[39m
        [36m>[39m
          [36m<div[39m
            [33mclass[39m=[32m"absolute top-1/2 left-8 right-8 h-[1px] bg-white/10 -translate-y-1/2 -z-10"[39m
          [36m/>[39m
          [36m<div[39m
            [33mclass[39m=[32m"w-8 h-8 rounded-full flex items-center justify-center text-[12px] font-bold border transition-colors bg-[#0a0a0a] text-white border-white"[39m
          [36m>[39m
            [0m1[0m
          [36m</div>[39m
          [36m<div[39m
            [33mclass[39m=[32m"w-8 h-8 rounded-full flex items-center justify-center text-[12px] font-bold border transition-colors bg-[#0a0a0a] text-white border-white"[39m
          [36m>[39m
            [0m2[0m
          [36m</div>[39m
        [36m</div>[39m
        [36m<div[39m
          [33mstyle[39m=[32m"opacity: 0; transform: translateX(-20px);"[39m
        [36m>[39m
          [36m<h2[39m
            [33mclass[39m=[32m"text-[11px] font-bold text-white/70 uppercase tracking-widest mb-4"[39m
          [36m>[39m
            [0mSelect Stadium[0m
          [36m</h2>[39m
          [36m<div[39m
            [33mclass[39m=[32m"grid gap-3"[39m
          [36m>[39m
            [36m<button[39m
              [33mclass[39m=[32m"w-full text-left p-4 rounded-2xl border transition-all flex items-center justify-between group bg-white/[0.02] border-white/10 hover:bg-white/[0.04]"[39m
            [36m>[39m
              [36m<div>[39m
                [36m<p[39m
                  [33mclass[39m=[32m"font-bold text-[15px] tracking-tight"[39m
                [36m>[39m
                  [0mWembley Stadium[0m
                [36m</p>[39m
              [36m</div>[39m
              [36m<svg[39m
                [33maria-hidden[39m=[32m"true"[39m
                [33mclass[39m=[32m"lucide lucide-chevron-right w-5 h-5 text-white/60 group-hover:text-white/60 transition-colors"[39m
                [33mfill[39m=[32m"none"[39m
                [33mheight[39m=[32m"24"[39m
                [33mstroke[39m=[32m"currentColor"[39m
                [33mstroke-linecap[39m=[32m"round"[39m
                [33mstroke-linejoin[39m=[32m"round"[39m
                [33mstroke-width[39m=[32m"2"[39m
                [33mviewBox[39m=[32m"0 0 24 24"[39m
                [33mwidth[39m=[32m"24"[39m
                [33mxmlns[39m=[32m"http://www.w3.org/2000/svg"[39m
              [36m>[39m
                [36m<path[39m
                  [33md[39m=[32m"m9 18 6-6-6-6"[39m
                [36m/>[39m
              [36m</svg>[39m
            [36m</button>[39m
            [36m<button[39m
              [33mclass[39m=[32m"w-full text-left p-4 rounded-2xl border transition-all flex items-center justify-between group bg-white/[0.02] border-white/10 hover:bg-white/[0.04]"[39m
            [36m>[39m
              [36m<div>[39m
                [36m<p[39m
                  [33mclass[39m=[32m"font-bold text-[15px] tracking-tight"[39m
                [36m>[39m
                  [0mCamp Nou[0m
                [36m</p>[39m
              [36m</div>[39m
              [36m<svg[39m
                [33maria-hidden[39m=[32m"true"[39m
                [33mclass[39m=[32m"lucide lucide-chevron-right w-5 h-5 text-white/60 group-hover:text-white/60 transition-colors"[39m
                [33mfill[39m=[32m"none"[39m
                [33mheight[39m=[32m"24"[39m
                [33mstroke[39m=[32m"currentColor"[39m
                [33mstroke-linecap[39m=[32m"round"[39m
                [33mstroke-linejoin[39m=[32m"round"[39m
                [33mstroke-width[39m=[32m"2"[39m
                [33mviewBox[39m=[32m"0 0 24 24"[39m
                [33mwidth[39m=[32m"24"[39m
                [33mxmlns[39m=[32m"http://www.w3.org/2000/svg"[39m
              [36m>[39m
                [36m<path[39m
                  [33md[39m=[32m"m9 18 6-6-6-6"[39m
                [36m/>[39m
              [36m</svg>[39m
            [36m</button>[39m
            [36m<button[39m
              [33mclass[39m=[32m"w-full text-left p-4 rounded-2xl border transition-all flex items-center justify-between group bg-white/[0.02] border-white/10 hover:bg-white/[0.04]"[39m
            [36m>[39m
              [36m<div>[39m
                [36m<p[39m
                  [33mclass[39m=[32m"font-bold text-[15px] tracki...
[90m [2m❯[22m Object.getElementError node_modules/@testing-library/dom/dist/config.js:[2m37:19[22m[39m
[90m [2m❯[22m getAllByLabelText node_modules/@testing-library/dom/dist/queries/label-text.js:[2m111:38[22m[39m
[90m [2m❯[22m node_modules/@testing-library/dom/dist/query-helpers.js:[2m52:17[22m[39m
[90m [2m❯[22m node_modules/@testing-library/dom/dist/query-helpers.js:[2m95:19[22m[39m
[36m [2m❯[22m src/app/fan/__tests__/TicketSetup.test.tsx:[2m172:29[22m[39m
    [90m170|[39m     fireEvent[33m.[39m[34mclick[39m(screen[33m.[39m[34mgetByText[39m([32m'Wembley Stadium'[39m))[33m;[39m
    [90m171|[39m
    [90m172|[39m     fireEvent.change(screen.getByLabelText(/Section/i), { target: { va…
    [90m   |[39m                             [31m^[39m
    [90m173|[39m     fireEvent.change(screen.getByLabelText(/Row/i), { target: { value:…
    [90m174|[39m     fireEvent.change(screen.getByLabelText(/Seat/i), { target: { value…

[31m[2m⎯⎯⎯⎯⎯⎯⎯⎯⎯⎯⎯⎯⎯⎯⎯⎯⎯⎯⎯⎯⎯⎯⎯⎯[8/8]⎯[22m[39m


[2m Test Files [22m [1m[31m3 failed[39m[22m[2m | [22m[1m[32m19 passed[39m[22m[90m (22)[39m
[2m      Tests [22m [1m[31m8 failed[39m[22m[2m | [22m[1m[32m101 passed[39m[22m[90m (109)[39m
[2m   Start at [22m 01:46:34
[2m   Duration [22m 5.03s[2m (transform 1.54s, setup 1.60s, import 4.47s, tests 5.39s, environment 17.74s)[22m

